Archive member included to satisfy reference by file (symbol)

C:/Users/V4I65WU/.pico-sdk/toolchain/14_2_Rel1/bin/../lib/gcc/arm-none-eabi/14.2.1/thumb/v8-m.main+fp/softfp\libm.a(libm_a-wf_sqrt.o)
                              CMakeFiles/Atividade.dir/C_/Users/V4I65WU/.pico-sdk/sdk/2.2.0/src/rp2_common/pico_float/float_math.c.obj (sqrtf)
C:/Users/V4I65WU/.pico-sdk/toolchain/14_2_Rel1/bin/../lib/gcc/arm-none-eabi/14.2.1/thumb/v8-m.main+fp/softfp\libm.a(libm_a-ef_sqrt.o)
                              C:/Users/V4I65WU/.pico-sdk/toolchain/14_2_Rel1/bin/../lib/gcc/arm-none-eabi/14.2.1/thumb/v8-m.main+fp/softfp\libm.a(libm_a-wf_sqrt.o) (__ieee754_sqrtf)
C:/Users/V4I65WU/.pico-sdk/toolchain/14_2_Rel1/bin/../lib/gcc/arm-none-eabi/14.2.1/thumb/v8-m.main+fp/softfp\libgcc.a(_arm_addsubdf3.o)
                              CMakeFiles/Atividade.dir/Atividade.cpp.obj (__aeabi_f2d)
C:/Users/V4I65WU/.pico-sdk/toolchain/14_2_Rel1/bin/../lib/gcc/arm-none-eabi/14.2.1/thumb/v8-m.main+fp/softfp\libgcc.a(_aeabi_ldivmod.o)
                              CMakeFiles/Atividade.dir/C_/Users/V4I65WU/.pico-sdk/sdk/2.2.0/src/common/pico_time/time.c.obj (__aeabi_ldivmod)
C:/Users/V4I65WU/.pico-sdk/toolchain/14_2_Rel1/bin/../lib/gcc/arm-none-eabi/14.2.1/thumb/v8-m.main+fp/softfp\libgcc.a(_aeabi_uldivmod.o)
                              CMakeFiles/Atividade.dir/Atividade.cpp.obj (__aeabi_uldivmod)
C:/Users/V4I65WU/.pico-sdk/toolchain/14_2_Rel1/bin/../lib/gcc/arm-none-eabi/14.2.1/thumb/v8-m.main+fp/softfp\libgcc.a(_udivmoddi4.o)
                              C:/Users/V4I65WU/.pico-sdk/toolchain/14_2_Rel1/bin/../lib/gcc/arm-none-eabi/14.2.1/thumb/v8-m.main+fp/softfp\libgcc.a(_aeabi_ldivmod.o) (__udivmoddi4)
C:/Users/V4I65WU/.pico-sdk/toolchain/14_2_Rel1/bin/../lib/gcc/arm-none-eabi/14.2.1/thumb/v8-m.main+fp/softfp\libgcc.a(_dvmd_tls.o)
                              C:/Users/V4I65WU/.pico-sdk/toolchain/14_2_Rel1/bin/../lib/gcc/arm-none-eabi/14.2.1/thumb/v8-m.main+fp/softfp\libgcc.a(_aeabi_ldivmod.o) (__aeabi_ldiv0)
C:/Users/V4I65WU/.pico-sdk/toolchain/14_2_Rel1/bin/../lib/gcc/arm-none-eabi/14.2.1/thumb/v8-m.main+fp/softfp\libg.a(libc_a-atoi.o)
                              CMakeFiles/Atividade.dir/C_/Users/V4I65WU/.pico-sdk/sdk/2.2.0/lib/lwip/src/core/netif.c.obj (atoi)
C:/Users/V4I65WU/.pico-sdk/toolchain/14_2_Rel1/bin/../lib/gcc/arm-none-eabi/14.2.1/thumb/v8-m.main+fp/softfp\libg.a(libc_a-calloc.o)
                              CMakeFiles/Atividade.dir/C_/Users/V4I65WU/.pico-sdk/sdk/2.2.0/src/rp2_common/pico_malloc/malloc.c.obj (calloc)
C:/Users/V4I65WU/.pico-sdk/toolchain/14_2_Rel1/bin/../lib/gcc/arm-none-eabi/14.2.1/thumb/v8-m.main+fp/softfp\libg.a(libc_a-callocr.o)
                              C:/Users/V4I65WU/.pico-sdk/toolchain/14_2_Rel1/bin/../lib/gcc/arm-none-eabi/14.2.1/thumb/v8-m.main+fp/softfp\libg.a(libc_a-calloc.o) (_calloc_r)
C:/Users/V4I65WU/.pico-sdk/toolchain/14_2_Rel1/bin/../lib/gcc/arm-none-eabi/14.2.1/thumb/v8-m.main+fp/softfp\libg.a(libc_a-malloc.o)
                              CMakeFiles/Atividade.dir/C_/Users/V4I65WU/.pico-sdk/sdk/2.2.0/src/rp2_common/pico_malloc/malloc.c.obj (malloc)
C:/Users/V4I65WU/.pico-sdk/toolchain/14_2_Rel1/bin/../lib/gcc/arm-none-eabi/14.2.1/thumb/v8-m.main+fp/softfp\libg.a(libc_a-mallocr.o)
                              C:/Users/V4I65WU/.pico-sdk/toolchain/14_2_Rel1/bin/../lib/gcc/arm-none-eabi/14.2.1/thumb/v8-m.main+fp/softfp\libg.a(libc_a-callocr.o) (_malloc_r)
C:/Users/V4I65WU/.pico-sdk/toolchain/14_2_Rel1/bin/../lib/gcc/arm-none-eabi/14.2.1/thumb/v8-m.main+fp/softfp\libg.a(libc_a-mlock.o)
                              C:/Users/V4I65WU/.pico-sdk/toolchain/14_2_Rel1/bin/../lib/gcc/arm-none-eabi/14.2.1/thumb/v8-m.main+fp/softfp\libg.a(libc_a-mallocr.o) (__malloc_lock)
C:/Users/V4I65WU/.pico-sdk/toolchain/14_2_Rel1/bin/../lib/gcc/arm-none-eabi/14.2.1/thumb/v8-m.main+fp/softfp\libg.a(libc_a-realloc.o)
                              CMakeFiles/Atividade.dir/C_/Users/V4I65WU/.pico-sdk/sdk/2.2.0/src/rp2_common/pico_malloc/malloc.c.obj (realloc)
C:/Users/V4I65WU/.pico-sdk/toolchain/14_2_Rel1/bin/../lib/gcc/arm-none-eabi/14.2.1/thumb/v8-m.main+fp/softfp\libg.a(libc_a-reallocr.o)
                              C:/Users/V4I65WU/.pico-sdk/toolchain/14_2_Rel1/bin/../lib/gcc/arm-none-eabi/14.2.1/thumb/v8-m.main+fp/softfp\libg.a(libc_a-realloc.o) (_realloc_r)
C:/Users/V4I65WU/.pico-sdk/toolchain/14_2_Rel1/bin/../lib/gcc/arm-none-eabi/14.2.1/thumb/v8-m.main+fp/softfp\libg.a(libc_a-strtol.o)
                              C:/Users/V4I65WU/.pico-sdk/toolchain/14_2_Rel1/bin/../lib/gcc/arm-none-eabi/14.2.1/thumb/v8-m.main+fp/softfp\libg.a(libc_a-atoi.o) (_strtol_r)
C:/Users/V4I65WU/.pico-sdk/toolchain/14_2_Rel1/bin/../lib/gcc/arm-none-eabi/14.2.1/thumb/v8-m.main+fp/softfp\libg.a(libc_a-ctype_.o)
                              CMakeFiles/Atividade.dir/C_/Users/V4I65WU/.pico-sdk/sdk/2.2.0/lib/lwip/src/core/dns.c.obj (_ctype_)
[...]
Memory Configuration

Name             Origin             Length             Attributes
FLASH            0x10000000         0x00400000         xr
RAM              0x20000000         0x00080000         xrw
SCRATCH_X        0x20080000         0x00001000         xrw
SCRATCH_Y        0x20081000         0x00001000         xrw
*default*        0x00000000         0xffffffff

Linker script and memory map

LOAD C:/Users/V4I65WU/.pico-sdk/toolchain/14_2_Rel1/bin/../lib/gcc/arm-none-eabi/14.2.1/thumb/v8-m.main+fp/softfp/crti.o
LOAD C:/Users/V4I65WU/.pico-sdk/toolchain/14_2_Rel1/bin/../lib/gcc/arm-none-eabi/14.2.1/thumb/v8-m.main+fp/softfp/crtbegin.o
LOAD C:/Users/V4I65WU/.pico-sdk/toolchain/14_2_Rel1/bin/../lib/gcc/arm-none-eabi/14.2.1/thumb/v8-m.main+fp/softfp/crt0.o

.flash_begin    0x10000000        0x0
                0x10000000                        __flash_binary_start = .

.text           0x10000000    0x16c70
                0x10000000                        __logical_binary_start = .
 *(.vectors)
 .vectors       0x10000000      0x124 CMakeFiles/Atividade.dir/C_/Users/V4I65WU/.pico-sdk/sdk/2.2.0/src/rp2_common/pico_crt0/crt0.S.obj
                0x10000000                __VECTOR_TABLE
                0x10000000                __vectors
                0x10000110                __unhandled_user_irq
                0x10000110                isr_irq49
                0x10000110                isr_irq13
                0x10000110                isr_irq43
                0x10000110                isr_irq45
                0x10000110                isr_irq27
                0x10000110                isr_irq32
                0x10000110                isr_irq31
                0x10000110                isr_irq12
                0x10000110                isr_irq5
                0x10000110                isr_irq11
                0x10000110                isr_irq3
                0x10000110                isr_irq23
                0x10000110                isr_usagefault
                0x10000110                isr_irq48
                0x10000110                isr_irq30
                0x10000110                isr_irq18
                0x10000110                isr_irq50
                0x10000110                isr_irq33
                0x10000110                isr_irq40
                0x10000110                isr_irq28
                0x10000110                isr_irq19
                0x10000110                isr_irq36
                0x10000110                isr_irq41
                0x10000110                isr_irq0
                0x10000110                isr_irq6
                0x10000110                isr_irq26
                0x10000110                isr_irq29
                0x10000110                isr_memmanage
                0x10000110                isr_irq37
                0x10000110                isr_irq42
                0x10000110                isr_irq22
                0x10000110                isr_irq35
                0x10000110                isr_irq17
                0x10000110                isr_irq38
                0x10000110                isr_irq14
                0x10000110                __vectors_end
                0x10000110                __default_isrs_start
                0x10000110                isr_irq2
                0x10000110                isr_irq10
                0x10000110                isr_irq8
                0x10000110                isr_debugmonitor
                0x10000110                isr_irq24
                0x10000110                isr_irq46
                0x10000110                isr_irq1
                0x10000110                isr_irq47
                0x10000110                isr_irq51
                0x10000110                isr_irq7
                0x10000110                isr_irq21
                0x10000110                isr_irq39
                0x10000110                isr_irq20
                0x10000110                isr_irq15
                0x10000110                isr_irq25
                0x10000110                isr_irq34
                0x10000110                isr_irq44
                0x10000110                isr_securefault
                0x10000110                isr_irq4
                0x10000110                isr_busfault
                0x10000110                isr_irq16
                0x10000110                isr_irq9
                0x10000116                unhandled_user_irq_num_in_r0
                0x10000118                isr_invalid
                0x1000011a                isr_nmi
                0x1000011c                isr_hardfault
                0x1000011e                isr_svcall
                0x10000120                isr_pendsv
                0x10000122                isr_systick
                0x10000124                __default_isrs_end
 *(.binary_info_header)
 .binary_info_header
                0x10000124       0x14 CMakeFiles/Atividade.dir/C_/Users/V4I65WU/.pico-sdk/sdk/2.2.0/src/rp2_common/pico_crt0/crt0.S.obj
                0x10000138                        __binary_info_header_end = .
 *(.embedded_block)
 .embedded_block
                0x10000138       0x14 CMakeFiles/Atividade.dir/C_/Users/V4I65WU/.pico-sdk/sdk/2.2.0/src/rp2_common/pico_crt0/crt0.S.obj
                0x1000014c                        __embedded_block_end = .
 *(.reset)
 .reset         0x1000014c       0x98 CMakeFiles/Atividade.dir/C_/Users/V4I65WU/.pico-sdk/sdk/2.2.0/src/rp2_common/pico_crt0/crt0.S.obj
                0x1000014c                _entry_point
 *(.init)
 .init          0x100001e4        0x4 C:/Users/V4I65WU/.pico-sdk/toolchain/14_2_Rel1/bin/../lib/gcc/arm-none-eabi/14.2.1/thumb/v8-m.main+fp/softfp/crti.o
                0x100001e4                _init
 *libgcc.a:cmse_nonsecure_call.o()
 *(EXCLUDE_FILE(*libm.a: *libc.a:*lib_a-mem*.o *libgcc.a:) .text*)
 .text.register_tm_clones
                0x100001e8       0x28 C:/Users/V4I65WU/.pico-sdk/toolchain/14_2_Rel1/bin/../lib/gcc/arm-none-eabi/14.2.1/thumb/v8-m.main+fp/softfp/crtbegin.o
 .text.frame_dummy
                0x10000210       0x24 C:/Users/V4I65WU/.pico-sdk/toolchain/14_2_Rel1/bin/../lib/gcc/arm-none-eabi/14.2.1/thumb/v8-m.main+fp/softfp/crtbegin.o
 .text._ZL18mqtt_requisicao_cbPva
                0x10000234        0xc CMakeFiles/Atividade.dir/Atividade.cpp.obj
 .text._ZL28mqtt_recebendo_publicacao_cbPvPKcm
                0x10000240        0xc CMakeFiles/Atividade.dir/Atividade.cpp.obj
 .text._ZL23mqtt_dados_recebidos_cbPvPKhth
                0x1000024c       0xc0 CMakeFiles/Atividade.dir/Atividade.cpp.obj
 .text._ZL17mqtt_conectado_cbP13mqtt_client_sPv24mqtt_connection_status_t
                0x1000030c       0x74 CMakeFiles/Atividade.dir/Atividade.cpp.obj
 .text.startup.main
                0x10000380      0x26c CMakeFiles/Atividade.dir/Atividade.cpp.obj
                0x10000380                main
 .text.gpio_set_function
                0x100005ec       0x3c CMakeFiles/Atividade.dir/C_/Users/V4I65WU/.pico-sdk/sdk/2.2.0/src/rp2_common/hardware_gpio/gpio.c.obj
                0x100005ec                gpio_set_function
 .text.gpio_set_pulls
                0x10000628       0x28 CMakeFiles/Atividade.dir/C_/Users/V4I65WU/.pico-sdk/sdk/2.2.0/src/rp2_common/hardware_gpio/gpio.c.obj
                0x10000628                gpio_set_pulls
 .text.gpio_set_input_hysteresis_enabled
                0x10000650       0x20 CMakeFiles/Atividade.dir/C_/Users/V4I65WU/.pico-sdk/sdk/2.2.0/src/rp2_common/hardware_gpio/gpio.c.obj
                0x10000650                gpio_set_input_hysteresis_enabled
 .text.gpio_set_irq_enabled
                0x10000670       0x48 CMakeFiles/Atividade.dir/C_/Users/V4I65WU/.pico-sdk/sdk/2.2.0/src/rp2_common/hardware_gpio/gpio.c.obj
                0x10000670                gpio_set_irq_enabled
 .text.gpio_add_raw_irq_handler_with_order_priority_masked
                0x100006b8       0x44 CMakeFiles/Atividade.dir/C_/Users/V4I65WU/.pico-sdk/sdk/2.2.0/src/rp2_common/hardware_gpio/gpio.c.obj
                0x100006b8                gpio_add_raw_irq_handler_with_order_priority_masked
 .text.gpio_remove_raw_irq_handler_masked
                0x100006fc       0x24 CMakeFiles/Atividade.dir/C_/Users/V4I65WU/.pico-sdk/sdk/2.2.0/src/rp2_common/hardware_gpio/gpio.c.obj
                0x100006fc                gpio_remove_raw_irq_handler_masked
 .text.gpio_init
                0x10000720       0x48 CMakeFiles/Atividade.dir/C_/Users/V4I65WU/.pico-sdk/sdk/2.2.0/src/rp2_common/hardware_gpio/gpio.c.obj
                0x10000720                gpio_init
 .text.panic    0x10000768       0x30 CMakeFiles/Atividade.dir/C_/Users/V4I65WU/.pico-sdk/sdk/2.2.0/src/rp2_common/pico_platform_panic/panic.c.obj
                0x10000768                panic
 .text.hw_claim_lock
                0x10000798       0x24 CMakeFiles/Atividade.dir/C_/Users/V4I65WU/.pico-sdk/sdk/2.2.0/src/common/hardware_claim/claim.c.obj
                0x10000798                hw_claim_lock
 .text.hw_claim_unlock
                0x100007bc       0x14 CMakeFiles/Atividade.dir/C_/Users/V4I65WU/.pico-sdk/sdk/2.2.0/src/common/hardware_claim/claim.c.obj
                0x100007bc                hw_claim_unlock
 .text.hw_claim_or_assert
                0x100007d0       0x58 CMakeFiles/Atividade.dir/C_/Users/V4I65WU/.pico-sdk/sdk/2.2.0/src/common/hardware_claim/claim.c.obj
                0x100007d0                hw_claim_or_assert
 .text.hw_claim_unused_from_range
                0x10000828       0x80 CMakeFiles/Atividade.dir/C_/Users/V4I65WU/.pico-sdk/sdk/2.2.0/src/common/hardware_claim/claim.c.obj
                0x10000828                hw_claim_unused_from_range
 .text.hw_claim_clear
                0x100008a8       0x50 CMakeFiles/Atividade.dir/C_/Users/V4I65WU/.pico-sdk/sdk/2.2.0/src/common/hardware_claim/claim.c.obj
                0x100008a8                hw_claim_clear
 .text.next_striped_spin_lock_num
                0x100008f8       0x18 CMakeFiles/Atividade.dir/C_/Users/V4I65WU/.pico-sdk/sdk/2.2.0/src/rp2_common/hardware_sync/sync.c.obj
                0x100008f8                next_striped_spin_lock_num
 .text.spin_lock_claim_unused
                0x10000910       0x20 CMakeFiles/Atividade.dir/C_/Users/V4I65WU/.pico-sdk/sdk/2.2.0/src/rp2_common/hardware_sync/sync.c.obj
                0x10000910                spin_lock_claim_unused
 .text.spinlock_set_extexclall
                0x10000930       0x10 CMakeFiles/Atividade.dir/C_/Users/V4I65WU/.pico-sdk/sdk/2.2.0/src/rp2_common/hardware_sync_spin_lock/sync_spin_lock.c.obj
 .text.spin_locks_reset
                0x10000940       0x18 CMakeFiles/Atividade.dir/C_/Users/V4I65WU/.pico-sdk/sdk/2.2.0/src/rp2_common/hardware_sync_spin_lock/sync_spin_lock.c.obj
                0x10000940                spin_locks_reset
 .text.runtime_init_per_core_irq_priorities
                0x10000958       0x40 CMakeFiles/Atividade.dir/C_/Users/V4I65WU/.pico-sdk/sdk/2.2.0/src/rp2_common/hardware_irq/irq.c.obj
                0x10000958                runtime_init_per_core_irq_priorities
 .text.irq_set_enabled
                0x10000998       0x2c CMakeFiles/Atividade.dir/C_/Users/V4I65WU/.pico-sdk/sdk/2.2.0/src/rp2_common/hardware_irq/irq.c.obj
                0x10000998                irq_set_enabled
 .text.irq_is_enabled
                0x100009c4       0x20 CMakeFiles/Atividade.dir/C_/Users/V4I65WU/.pico-sdk/sdk/2.2.0/src/rp2_common/hardware_irq/irq.c.obj
                0x100009c4                irq_is_enabled
 .text.irq_set_pending
                0x100009e4       0x18 CMakeFiles/Atividade.dir/C_/Users/V4I65WU/.pico-sdk/sdk/2.2.0/src/rp2_common/hardware_irq/irq.c.obj
                0x100009e4                irq_set_pending
 .text.irq_has_shared_handler
                0x100009fc       0x20 CMakeFiles/Atividade.dir/C_/Users/V4I65WU/.pico-sdk/sdk/2.2.0/src/rp2_common/hardware_irq/irq.c.obj
                0x100009fc                irq_has_shared_handler
 .text.irq_set_exclusive_handler
                0x10000a1c       0x60 CMakeFiles/Atividade.dir/C_/Users/V4I65WU/.pico-sdk/sdk/2.2.0/src/rp2_common/hardware_irq/irq.c.obj
                0x10000a1c                irq_set_exclusive_handler
 .text.irq_add_shared_handler
                0x10000a7c      0x1e8 CMakeFiles/Atividade.dir/C_/Users/V4I65WU/.pico-sdk/sdk/2.2.0/src/rp2_common/hardware_irq/irq.c.obj
                0x10000a7c                irq_add_shared_handler
 .text.irq_remove_handler
                0x10000c64      0x1f4 CMakeFiles/Atividade.dir/C_/Users/V4I65WU/.pico-sdk/sdk/2.2.0/src/rp2_common/hardware_irq/irq.c.obj
                0x10000c64                irq_remove_handler
 .text.irq_set_priority
                0x10000e58       0x28 CMakeFiles/Atividade.dir/C_/Users/V4I65WU/.pico-sdk/sdk/2.2.0/src/rp2_common/hardware_irq/irq.c.obj
                0x10000e58                irq_set_priority
 .text.irq_add_tail_to_free_list
                0x10000e80       0xbc CMakeFiles/Atividade.dir/C_/Users/V4I65WU/.pico-sdk/sdk/2.2.0/src/rp2_common/hardware_irq/irq.c.obj
                0x10000e80                irq_add_tail_to_free_list
 .text.user_irq_unclaim
                0x10000f3c       0x10 CMakeFiles/Atividade.dir/C_/Users/V4I65WU/.pico-sdk/sdk/2.2.0/src/rp2_common/hardware_irq/irq.c.obj
                0x10000f3c                user_irq_unclaim
 .text.user_irq_claim_unused
                0x10000f4c       0x28 CMakeFiles/Atividade.dir/C_/Users/V4I65WU/.pico-sdk/sdk/2.2.0/src/rp2_common/hardware_irq/irq.c.obj
                0x10000f4c                user_irq_claim_unused
 .text.sem_init
                0x10000f74       0x20 CMakeFiles/Atividade.dir/C_/Users/V4I65WU/.pico-sdk/sdk/2.2.0/src/common/pico_sync/sem.c.obj
                0x10000f74                sem_init
 .text.lock_init
                0x10000f94        0xc CMakeFiles/Atividade.dir/C_/Users/V4I65WU/.pico-sdk/sdk/2.2.0/src/common/pico_sync/lock_core.c.obj
                0x10000f94                lock_init
 .text.runtime_init_mutex
                0x10000fa0       0x4c CMakeFiles/Atividade.dir/C_/Users/V4I65WU/.pico-sdk/sdk/2.2.0/src/common/pico_sync/mutex.c.obj
                0x10000fa0                runtime_init_mutex
 .text.mutex_init
                0x10000fec       0x1c CMakeFiles/Atividade.dir/C_/Users/V4I65WU/.pico-sdk/sdk/2.2.0/src/common/pico_sync/mutex.c.obj
                0x10000fec                mutex_init
 .text.recursive_mutex_init
                0x10001008       0x1c CMakeFiles/Atividade.dir/C_/Users/V4I65WU/.pico-sdk/sdk/2.2.0/src/common/pico_sync/mutex.c.obj
                0x10001008                recursive_mutex_init
 .text.critical_section_init
                0x10001024       0x1c CMakeFiles/Atividade.dir/C_/Users/V4I65WU/.pico-sdk/sdk/2.2.0/src/common/pico_sync/critical_section.c.obj
                0x10001024                critical_section_init
 .text.critical_section_init_with_lock_num
                0x10001040       0x10 CMakeFiles/Atividade.dir/C_/Users/V4I65WU/.pico-sdk/sdk/2.2.0/src/common/pico_sync/critical_section.c.obj
                0x10001040                critical_section_init_with_lock_num
 .text.sleep_until_callback
                0x10001050       0x3c CMakeFiles/Atividade.dir/C_/Users/V4I65WU/.pico-sdk/sdk/2.2.0/src/common/pico_time/time.c.obj
 *fill*         0x1000108c        0x4 
 .text.alarm_pool_irq_handler
                0x10001090      0x2f0 CMakeFiles/Atividade.dir/C_/Users/V4I65WU/.pico-sdk/sdk/2.2.0/src/common/pico_time/time.c.obj
 .text.runtime_init_default_alarm_pool
                0x10001380      0x100 CMakeFiles/Atividade.dir/C_/Users/V4I65WU/.pico-sdk/sdk/2.2.0/src/common/pico_time/time.c.obj
                0x10001380                runtime_init_default_alarm_pool
 .text.alarm_pool_get_default
                0x10001480        0x8 CMakeFiles/Atividade.dir/C_/Users/V4I65WU/.pico-sdk/sdk/2.2.0/src/common/pico_time/time.c.obj
                0x10001480                alarm_pool_get_default
 .text.alarm_pool_add_alarm_at
                0x10001488       0xdc CMakeFiles/Atividade.dir/C_/Users/V4I65WU/.pico-sdk/sdk/2.2.0/src/common/pico_time/time.c.obj
                0x10001488                alarm_pool_add_alarm_at
 .text.alarm_pool_add_alarm_at_force_in_context
                0x10001564       0xc8 CMakeFiles/Atividade.dir/C_/Users/V4I65WU/.pico-sdk/sdk/2.2.0/src/common/pico_time/time.c.obj
                0x10001564                alarm_pool_add_alarm_at_force_in_context
 .text.alarm_pool_cancel_alarm
                0x1000162c       0x80 CMakeFiles/Atividade.dir/C_/Users/V4I65WU/.pico-sdk/sdk/2.2.0/src/common/pico_time/time.c.obj
                0x1000162c                alarm_pool_cancel_alarm
 .text.alarm_pool_core_num
                0x100016ac        0x4 CMakeFiles/Atividade.dir/C_/Users/V4I65WU/.pico-sdk/sdk/2.2.0/src/common/pico_time/time.c.obj
                0x100016ac                alarm_pool_core_num
 .text.sleep_until
                0x100016b0       0xbc CMakeFiles/Atividade.dir/C_/Users/V4I65WU/.pico-sdk/sdk/2.2.0/src/common/pico_time/time.c.obj
                0x100016b0                sleep_until
 .text.sleep_ms
                0x1000176c       0xdc CMakeFiles/Atividade.dir/C_/Users/V4I65WU/.pico-sdk/sdk/2.2.0/src/common/pico_time/time.c.obj
                0x1000176c                sleep_ms
 .text.best_effort_wfe_or_timeout
                0x10001848       0xd4 CMakeFiles/Atividade.dir/C_/Users/V4I65WU/.pico-sdk/sdk/2.2.0/src/common/pico_time/time.c.obj
                0x10001848                best_effort_wfe_or_timeout
 .text.timer_hardware_alarm_claim
                0x1000191c       0x24 CMakeFiles/Atividade.dir/C_/Users/V4I65WU/.pico-sdk/sdk/2.2.0/src/rp2_common/hardware_timer/timer.c.obj
                0x1000191c                timer_hardware_alarm_claim
 .text.timer_time_us_64
                0x10001940       0x10 CMakeFiles/Atividade.dir/C_/Users/V4I65WU/.pico-sdk/sdk/2.2.0/src/rp2_common/hardware_timer/timer.c.obj
                0x10001940                timer_time_us_64
 .text.time_us_64
                0x10001950       0x14 CMakeFiles/Atividade.dir/C_/Users/V4I65WU/.pico-sdk/sdk/2.2.0/src/rp2_common/hardware_timer/timer.c.obj
                0x10001950                time_us_64
 .text.busy_wait_until
                0x10001964       0x24 CMakeFiles/Atividade.dir/C_/Users/V4I65WU/.pico-sdk/sdk/2.2.0/src/rp2_common/hardware_timer/timer.c.obj
                0x10001964                busy_wait_until
 .text.clock_configure_undivided
                0x10001988       0xd0 CMakeFiles/Atividade.dir/C_/Users/V4I65WU/.pico-sdk/sdk/2.2.0/src/rp2_common/hardware_clocks/clocks.c.obj
                0x10001988                clock_configure_undivided
 .text.clock_get_hz
                0x10001a58        0xc CMakeFiles/Atividade.dir/C_/Users/V4I65WU/.pico-sdk/sdk/2.2.0/src/rp2_common/hardware_clocks/clocks.c.obj
                0x10001a58                clock_get_hz
 .text.pll_init
                0x10001a64       0x8c CMakeFiles/Atividade.dir/C_/Users/V4I65WU/.pico-sdk/sdk/2.2.0/src/rp2_common/hardware_pll/pll.c.obj
                0x10001a64                pll_init
 .text.watchdog_reboot
                0x10001af0       0x98 CMakeFiles/Atividade.dir/C_/Users/V4I65WU/.pico-sdk/sdk/2.2.0/src/rp2_common/hardware_watchdog/watchdog.c.obj
                0x10001af0                watchdog_reboot
 .text.tick_start
                0x10001b88       0x18 CMakeFiles/Atividade.dir/C_/Users/V4I65WU/.pico-sdk/sdk/2.2.0/src/rp2_common/hardware_ticks/ticks.c.obj
                0x10001b88                tick_start
 .text.rom_reboot.constprop.0.isra.0
                0x10001ba0       0x34 CMakeFiles/Atividade.dir/C_/Users/V4I65WU/.pico-sdk/sdk/2.2.0/src/rp2_common/pico_bootrom/bootrom.c.obj
 .text.rom_func_lookup
                0x10001bd4       0x18 CMakeFiles/Atividade.dir/C_/Users/V4I65WU/.pico-sdk/sdk/2.2.0/src/rp2_common/pico_bootrom/bootrom.c.obj
                0x10001bd4                rom_func_lookup
 .text.rom_reset_usb_boot_extra
                0x10001bec       0x1c CMakeFiles/Atividade.dir/C_/Users/V4I65WU/.pico-sdk/sdk/2.2.0/src/rp2_common/pico_bootrom/bootrom.c.obj
                0x10001bec                rom_reset_usb_boot_extra
 .text.rom_get_boot_random
                0x10001c08       0x48 CMakeFiles/Atividade.dir/C_/Users/V4I65WU/.pico-sdk/sdk/2.2.0/src/rp2_common/pico_bootrom/bootrom.c.obj
                0x10001c08                rom_get_boot_random
 .text.runtime_init_bootrom_locking_enable
                0x10001c50       0x14 CMakeFiles/Atividade.dir/C_/Users/V4I65WU/.pico-sdk/sdk/2.2.0/src/rp2_common/pico_bootrom/bootrom_lock.c.obj
                0x10001c50                runtime_init_bootrom_locking_enable
 .text.runtime_init_boot_locks_reset
                0x10001c64       0x1c CMakeFiles/Atividade.dir/C_/Users/V4I65WU/.pico-sdk/sdk/2.2.0/src/rp2_common/hardware_boot_lock/boot_lock.c.obj
                0x10001c64                runtime_init_boot_locks_reset
 .text.xosc_init
                0x10001c80       0x30 CMakeFiles/Atividade.dir/C_/Users/V4I65WU/.pico-sdk/sdk/2.2.0/src/rp2_common/hardware_xosc/xosc.c.obj
                0x10001c80                xosc_init
 .text.first_per_core_initializer
                0x10001cb0        0x4 CMakeFiles/Atividade.dir/C_/Users/V4I65WU/.pico-sdk/sdk/2.2.0/src/rp2_common/pico_runtime/runtime.c.obj
 .text.hard_assertion_failure
                0x10001cb4        0xc CMakeFiles/Atividade.dir/C_/Users/V4I65WU/.pico-sdk/sdk/2.2.0/src/rp2_common/pico_runtime/runtime.c.obj
                0x10001cb4                hard_assertion_failure
 .text.runtime_run_initializers
                0x10001cc0       0x20 CMakeFiles/Atividade.dir/C_/Users/V4I65WU/.pico-sdk/sdk/2.2.0/src/rp2_common/pico_runtime/runtime.c.obj
                0x10001cc0                runtime_run_initializers
 .text.runtime_init_early_resets
                0x10001ce0       0x34 CMakeFiles/Atividade.dir/C_/Users/V4I65WU/.pico-sdk/sdk/2.2.0/src/rp2_common/pico_runtime_init/runtime_init.c.obj
                0x10001ce0                runtime_init_early_resets
 .text.runtime_init_usb_power_down
                0x10001d14       0x1c CMakeFiles/Atividade.dir/C_/Users/V4I65WU/.pico-sdk/sdk/2.2.0/src/rp2_common/pico_runtime_init/runtime_init.c.obj
                0x10001d14                runtime_init_usb_power_down
 .text.runtime_init_per_core_enable_coprocessors
                0x10001d30       0x1c CMakeFiles/Atividade.dir/C_/Users/V4I65WU/.pico-sdk/sdk/2.2.0/src/rp2_common/pico_runtime_init/runtime_init.c.obj
                0x10001d30                runtime_init_per_core_enable_coprocessors
 .text.runtime_init_post_clock_resets
                0x10001d4c       0x20 CMakeFiles/Atividade.dir/C_/Users/V4I65WU/.pico-sdk/sdk/2.2.0/src/rp2_common/pico_runtime_init/runtime_init.c.obj
                0x10001d4c                runtime_init_post_clock_resets
 .text.runtime_init_bootrom_reset
                0x10001d6c       0x14 CMakeFiles/Atividade.dir/C_/Users/V4I65WU/.pico-sdk/sdk/2.2.0/src/rp2_common/pico_runtime_init/runtime_init.c.obj
                0x10001d6c                runtime_init_bootrom_reset
 .text.runtime_init_per_core_bootrom_reset
                0x10001d80       0x14 CMakeFiles/Atividade.dir/C_/Users/V4I65WU/.pico-sdk/sdk/2.2.0/src/rp2_common/pico_runtime_init/runtime_init.c.obj
                0x10001d80                runtime_init_per_core_bootrom_reset
 .text.runtime_init_spin_locks_reset
                0x10001d94        0x4 CMakeFiles/Atividade.dir/C_/Users/V4I65WU/.pico-sdk/sdk/2.2.0/src/rp2_common/pico_runtime_init/runtime_init.c.obj
                0x10001d94                runtime_init_spin_locks_reset
 .text.runtime_init_install_ram_vector_table
                0x10001d98       0x68 CMakeFiles/Atividade.dir/C_/Users/V4I65WU/.pico-sdk/sdk/2.2.0/src/rp2_common/pico_runtime_init/runtime_init.c.obj
                0x10001d98                runtime_init_install_ram_vector_table
 .text.runtime_init_clocks
                0x10001e00       0xdc CMakeFiles/Atividade.dir/C_/Users/V4I65WU/.pico-sdk/sdk/2.2.0/src/rp2_common/pico_runtime_init/runtime_init_clocks.c.obj
                0x10001e00                runtime_init_clocks
 .text.__rp2350_dcp_engaged_state_save_restore
                0x10001edc       0x3a CMakeFiles/Atividade.dir/C_/Users/V4I65WU/.pico-sdk/sdk/2.2.0/src/rp2_common/pico_double/double_aeabi_dcp.S.obj
 *fill*         0x10001f16        0x2 
 .text.__wrap___aeabi_dadd
                0x10001f18       0x28 CMakeFiles/Atividade.dir/C_/Users/V4I65WU/.pico-sdk/sdk/2.2.0/src/rp2_common/pico_double/double_aeabi_dcp.S.obj
                0x10001f20                __wrap___aeabi_dadd
 .text.__wrap___aeabi_dsub
                0x10001f40       0x28 CMakeFiles/Atividade.dir/C_/Users/V4I65WU/.pico-sdk/sdk/2.2.0/src/rp2_common/pico_double/double_aeabi_dcp.S.obj
                0x10001f48                __wrap___aeabi_dsub
 .text.__wrap___aeabi_dmul
                0x10001f68       0x4c CMakeFiles/Atividade.dir/C_/Users/V4I65WU/.pico-sdk/sdk/2.2.0/src/rp2_common/pico_double/double_aeabi_dcp.S.obj
                0x10001f70                __wrap___aeabi_dmul
 .text.__wrap___aeabi_ddiv
                0x10001fb4       0x9c CMakeFiles/Atividade.dir/C_/Users/V4I65WU/.pico-sdk/sdk/2.2.0/src/rp2_common/pico_double/double_aeabi_dcp.S.obj
                0x10001fbc                __wrap___aeabi_ddiv
 .text.__wrap___aeabi_i2d
                0x10002050       0x24 CMakeFiles/Atividade.dir/C_/Users/V4I65WU/.pico-sdk/sdk/2.2.0/src/rp2_common/pico_double/double_aeabi_dcp.S.obj
                0x10002058                int2double
                0x10002058                __wrap___aeabi_i2d
 .text.__wrap___aeabi_ui2d
                0x10002074       0x24 CMakeFiles/Atividade.dir/C_/Users/V4I65WU/.pico-sdk/sdk/2.2.0/src/rp2_common/pico_double/double_aeabi_dcp.S.obj
                0x1000207c                uint2double
                0x1000207c                __wrap___aeabi_ui2d
 .text.__wrap___aeabi_d2iz
                0x10002098       0x24 CMakeFiles/Atividade.dir/C_/Users/V4I65WU/.pico-sdk/sdk/2.2.0/src/rp2_common/pico_double/double_aeabi_dcp.S.obj
                0x100020a0                double2int_z
                0x100020a0                __wrap___aeabi_d2iz
 .text.__wrap___aeabi_d2uiz
                0x100020bc       0x24 CMakeFiles/Atividade.dir/C_/Users/V4I65WU/.pico-sdk/sdk/2.2.0/src/rp2_common/pico_double/double_aeabi_dcp.S.obj
                0x100020c4                double2uint
                0x100020c4                __wrap___aeabi_d2uiz
                0x100020c4                double2uint_z
 .text.__wrap___aeabi_dcmpun
                0x100020e0       0x24 CMakeFiles/Atividade.dir/C_/Users/V4I65WU/.pico-sdk/sdk/2.2.0/src/rp2_common/pico_double/double_aeabi_dcp.S.obj
                0x100020e8                __wrap___aeabi_dcmpun
 .text.__wrap___aeabi_dcmplt
                0x10002104       0x28 CMakeFiles/Atividade.dir/C_/Users/V4I65WU/.pico-sdk/sdk/2.2.0/src/rp2_common/pico_double/double_aeabi_dcp.S.obj
                0x1000210c                __wrap___aeabi_dcmplt
 .text.__wrap___aeabi_dcmple
                0x1000212c       0x28 CMakeFiles/Atividade.dir/C_/Users/V4I65WU/.pico-sdk/sdk/2.2.0/src/rp2_common/pico_double/double_aeabi_dcp.S.obj
                0x10002134                __wrap___aeabi_dcmple
 .text.__wrap___aeabi_dcmpge
                0x10002154       0x28 CMakeFiles/Atividade.dir/C_/Users/V4I65WU/.pico-sdk/sdk/2.2.0/src/rp2_common/pico_double/double_aeabi_dcp.S.obj
                0x1000215c                __wrap___aeabi_dcmpge
 .text.__wrap___aeabi_dcmpgt
                0x1000217c       0x28 CMakeFiles/Atividade.dir/C_/Users/V4I65WU/.pico-sdk/sdk/2.2.0/src/rp2_common/pico_double/double_aeabi_dcp.S.obj
                0x10002184                __wrap___aeabi_dcmpgt
 .text._out_buffer
                0x100021a4        0x8 CMakeFiles/Atividade.dir/C_/Users/V4I65WU/.pico-sdk/sdk/2.2.0/src/rp2_common/pico_printf/printf.c.obj
 .text._out_null
                0x100021ac        0x4 CMakeFiles/Atividade.dir/C_/Users/V4I65WU/.pico-sdk/sdk/2.2.0/src/rp2_common/pico_printf/printf.c.obj
 .text._out_rev
                0x100021b0       0x9c CMakeFiles/Atividade.dir/C_/Users/V4I65WU/.pico-sdk/sdk/2.2.0/src/rp2_common/pico_printf/printf.c.obj
 .text._ntoa_format
                0x1000224c      0x1d4 CMakeFiles/Atividade.dir/C_/Users/V4I65WU/.pico-sdk/sdk/2.2.0/src/rp2_common/pico_printf/printf.c.obj
 .text._out_char
                0x10002420        0x8 CMakeFiles/Atividade.dir/C_/Users/V4I65WU/.pico-sdk/sdk/2.2.0/src/rp2_common/pico_printf/printf.c.obj
 .text._out_fct
                0x10002428        0xc CMakeFiles/Atividade.dir/C_/Users/V4I65WU/.pico-sdk/sdk/2.2.0/src/rp2_common/pico_printf/printf.c.obj
 *fill*         0x10002434        0x4 
 .text._ftoa    0x10002438      0x4bc CMakeFiles/Atividade.dir/C_/Users/V4I65WU/.pico-sdk/sdk/2.2.0/src/rp2_common/pico_printf/printf.c.obj
 *fill*         0x100028f4        0x4 
 .text._etoa    0x100028f8      0x574 CMakeFiles/Atividade.dir/C_/Users/V4I65WU/.pico-sdk/sdk/2.2.0/src/rp2_common/pico_printf/printf.c.obj
 .text._vsnprintf
                0x10002e6c      0x9e4 CMakeFiles/Atividade.dir/C_/Users/V4I65WU/.pico-sdk/sdk/2.2.0/src/rp2_common/pico_printf/printf.c.obj
 .text.__wrap_snprintf
                0x10003850       0x2c CMakeFiles/Atividade.dir/C_/Users/V4I65WU/.pico-sdk/sdk/2.2.0/src/rp2_common/pico_printf/printf.c.obj
                0x10003850                __wrap_snprintf
 .text.vfctprintf
                0x1000387c       0x28 CMakeFiles/Atividade.dir/C_/Users/V4I65WU/.pico-sdk/sdk/2.2.0/src/rp2_common/pico_printf/printf.c.obj
                0x1000387c                vfctprintf
 .text.weak_raw_vprintf
                0x100038a4       0x30 CMakeFiles/Atividade.dir/C_/Users/V4I65WU/.pico-sdk/sdk/2.2.0/src/rp2_common/pico_printf/printf.c.obj
                0x100038a4                weak_raw_vprintf
 .text._exit    0x100038d4        0x4 CMakeFiles/Atividade.dir/C_/Users/V4I65WU/.pico-sdk/sdk/2.2.0/src/rp2_common/pico_clib_interface/newlib_interface.c.obj
                0x100038d4                _exit
 .text.exit     0x100038d8        0x8 CMakeFiles/Atividade.dir/C_/Users/V4I65WU/.pico-sdk/sdk/2.2.0/src/rp2_common/pico_clib_interface/newlib_interface.c.obj
                0x100038d8                exit
 .text.runtime_init
                0x100038e0       0x24 CMakeFiles/Atividade.dir/C_/Users/V4I65WU/.pico-sdk/sdk/2.2.0/src/rp2_common/pico_clib_interface/newlib_interface.c.obj
                0x100038e0                runtime_init
 .text.stdio_out_chars_no_crlf
                0x10003904        0x8 CMakeFiles/Atividade.dir/C_/Users/V4I65WU/.pico-sdk/sdk/2.2.0/src/rp2_common/pico_stdio/stdio.c.obj
 .text.stdio_out_chars_crlf
                0x1000390c       0xb0 CMakeFiles/Atividade.dir/C_/Users/V4I65WU/.pico-sdk/sdk/2.2.0/src/rp2_common/pico_stdio/stdio.c.obj
 .text.stdio_buffered_printer
                0x100039bc       0x60 CMakeFiles/Atividade.dir/C_/Users/V4I65WU/.pico-sdk/sdk/2.2.0/src/rp2_common/pico_stdio/stdio.c.obj
 .text.stdio_put_string
                0x10003a1c       0xec CMakeFiles/Atividade.dir/C_/Users/V4I65WU/.pico-sdk/sdk/2.2.0/src/rp2_common/pico_stdio/stdio.c.obj
                0x10003a1c                stdio_put_string
 .text.stdio_set_driver_enabled
                0x10003b08       0x28 CMakeFiles/Atividade.dir/C_/Users/V4I65WU/.pico-sdk/sdk/2.2.0/src/rp2_common/pico_stdio/stdio.c.obj
                0x10003b08                stdio_set_driver_enabled
 .text.stdio_init_all
                0x10003b30        0x4 CMakeFiles/Atividade.dir/C_/Users/V4I65WU/.pico-sdk/sdk/2.2.0/src/rp2_common/pico_stdio/stdio.c.obj
                0x10003b30                stdio_init_all
 .text.__wrap_putchar
                0x10003b34       0x84 CMakeFiles/Atividade.dir/C_/Users/V4I65WU/.pico-sdk/sdk/2.2.0/src/rp2_common/pico_stdio/stdio.c.obj
                0x10003b34                __wrap_putchar
                0x10003b34                stdio_putchar
 .text.__wrap_puts
                0x10003bb8       0x3c CMakeFiles/Atividade.dir/C_/Users/V4I65WU/.pico-sdk/sdk/2.2.0/src/rp2_common/pico_stdio/stdio.c.obj
                0x10003bb8                stdio_puts
                0x10003bb8                __wrap_puts
 .text.__wrap_vprintf
                0x10003bf4       0xc4 CMakeFiles/Atividade.dir/C_/Users/V4I65WU/.pico-sdk/sdk/2.2.0/src/rp2_common/pico_stdio/stdio.c.obj
                0x10003bf4                stdio_vprintf
                0x10003bf4                __wrap_vprintf
 .text.__wrap_printf
                0x10003cb8       0x1c CMakeFiles/Atividade.dir/C_/Users/V4I65WU/.pico-sdk/sdk/2.2.0/src/rp2_common/pico_stdio/stdio.c.obj
                0x10003cb8                __wrap_printf
                0x10003cb8                stdio_printf
 .text.resetd_init
                0x10003cd4        0x4 CMakeFiles/Atividade.dir/C_/Users/V4I65WU/.pico-sdk/sdk/2.2.0/src/rp2_common/pico_stdio_usb/reset_interface.c.obj
 .text.resetd_reset
                0x10003cd8        0xc CMakeFiles/Atividade.dir/C_/Users/V4I65WU/.pico-sdk/sdk/2.2.0/src/rp2_common/pico_stdio_usb/reset_interface.c.obj
 .text.resetd_open
                0x10003ce4       0x28 CMakeFiles/Atividade.dir/C_/Users/V4I65WU/.pico-sdk/sdk/2.2.0/src/rp2_common/pico_stdio_usb/reset_interface.c.obj
 .text.resetd_xfer_cb
                0x10003d0c        0x4 CMakeFiles/Atividade.dir/C_/Users/V4I65WU/.pico-sdk/sdk/2.2.0/src/rp2_common/pico_stdio_usb/reset_interface.c.obj
 .text.resetd_control_xfer_cb
                0x10003d10       0x50 CMakeFiles/Atividade.dir/C_/Users/V4I65WU/.pico-sdk/sdk/2.2.0/src/rp2_common/pico_stdio_usb/reset_interface.c.obj
 .text.tud_descriptor_bos_cb
                0x10003d60        0x8 CMakeFiles/Atividade.dir/C_/Users/V4I65WU/.pico-sdk/sdk/2.2.0/src/rp2_common/pico_stdio_usb/reset_interface.c.obj
                0x10003d60                tud_descriptor_bos_cb
 .text.tud_vendor_control_xfer_cb
                0x10003d68       0x28 CMakeFiles/Atividade.dir/C_/Users/V4I65WU/.pico-sdk/sdk/2.2.0/src/rp2_common/pico_stdio_usb/reset_interface.c.obj
                0x10003d68                tud_vendor_control_xfer_cb
 .text.usbd_app_driver_get_cb
                0x10003d90       0x10 CMakeFiles/Atividade.dir/C_/Users/V4I65WU/.pico-sdk/sdk/2.2.0/src/rp2_common/pico_stdio_usb/reset_interface.c.obj
                0x10003d90                usbd_app_driver_get_cb
 .text.tud_cdc_line_coding_cb
                0x10003da0       0x18 CMakeFiles/Atividade.dir/C_/Users/V4I65WU/.pico-sdk/sdk/2.2.0/src/rp2_common/pico_stdio_usb/reset_interface.c.obj
                0x10003da0                tud_cdc_line_coding_cb
 .text.stdio_usb_set_chars_available_callback
                0x10003db8       0x14 CMakeFiles/Atividade.dir/C_/Users/V4I65WU/.pico-sdk/sdk/2.2.0/src/rp2_common/pico_stdio_usb/stdio_usb.c.obj
                0x10003db8                stdio_usb_set_chars_available_callback
 .text.timer_task
                0x10003dcc       0x70 CMakeFiles/Atividade.dir/C_/Users/V4I65WU/.pico-sdk/sdk/2.2.0/src/rp2_common/pico_stdio_usb/stdio_usb.c.obj
 .text.usb_irq  0x10003e3c        0xc CMakeFiles/Atividade.dir/C_/Users/V4I65WU/.pico-sdk/sdk/2.2.0/src/rp2_common/pico_stdio_usb/stdio_usb.c.obj
 .text.stdio_usb_in_chars
                0x10003e48       0x88 CMakeFiles/Atividade.dir/C_/Users/V4I65WU/.pico-sdk/sdk/2.2.0/src/rp2_common/pico_stdio_usb/stdio_usb.c.obj
                0x10003e48                stdio_usb_in_chars
 .text.stdio_usb_out_flush
                0x10003ed0       0x54 CMakeFiles/Atividade.dir/C_/Users/V4I65WU/.pico-sdk/sdk/2.2.0/src/rp2_common/pico_stdio_usb/stdio_usb.c.obj
 .text.stdio_usb_out_chars
                0x10003f24       0xf4 CMakeFiles/Atividade.dir/C_/Users/V4I65WU/.pico-sdk/sdk/2.2.0/src/rp2_common/pico_stdio_usb/stdio_usb.c.obj
 .text.low_priority_worker_irq
                0x10004018       0xd8 CMakeFiles/Atividade.dir/C_/Users/V4I65WU/.pico-sdk/sdk/2.2.0/src/rp2_common/pico_stdio_usb/stdio_usb.c.obj
 .text.stdio_usb_init
                0x100040f0       0xe8 CMakeFiles/Atividade.dir/C_/Users/V4I65WU/.pico-sdk/sdk/2.2.0/src/rp2_common/pico_stdio_usb/stdio_usb.c.obj
                0x100040f0                stdio_usb_init
 .text.tud_descriptor_device_cb
                0x100041d8        0x8 CMakeFiles/Atividade.dir/C_/Users/V4I65WU/.pico-sdk/sdk/2.2.0/src/rp2_common/pico_stdio_usb/stdio_usb_descriptors.c.obj
                0x100041d8                tud_descriptor_device_cb
 .text.tud_descriptor_configuration_cb
                0x100041e0        0x8 CMakeFiles/Atividade.dir/C_/Users/V4I65WU/.pico-sdk/sdk/2.2.0/src/rp2_common/pico_stdio_usb/stdio_usb_descriptors.c.obj
                0x100041e0                tud_descriptor_configuration_cb
 .text.tud_descriptor_string_cb
                0x100041e8       0x70 CMakeFiles/Atividade.dir/C_/Users/V4I65WU/.pico-sdk/sdk/2.2.0/src/rp2_common/pico_stdio_usb/stdio_usb_descriptors.c.obj
                0x100041e8                tud_descriptor_string_cb
 .text.startup._retrieve_unique_id_on_boot
                0x10004258       0x30 CMakeFiles/Atividade.dir/C_/Users/V4I65WU/.pico-sdk/sdk/2.2.0/src/rp2_common/pico_unique_id/unique_id.c.obj
 .text.pico_get_unique_board_id
                0x10004288       0x10 CMakeFiles/Atividade.dir/C_/Users/V4I65WU/.pico-sdk/sdk/2.2.0/src/rp2_common/pico_unique_id/unique_id.c.obj
                0x10004288                pico_get_unique_board_id
 .text.pico_get_unique_board_id_string
                0x10004298      0x184 CMakeFiles/Atividade.dir/C_/Users/V4I65WU/.pico-sdk/sdk/2.2.0/src/rp2_common/pico_unique_id/unique_id.c.obj
                0x10004298                pico_get_unique_board_id_string
 .text.dcd_init
                0x1000441c       0x8c CMakeFiles/Atividade.dir/C_/Users/V4I65WU/.pico-sdk/sdk/2.2.0/lib/tinyusb/src/portable/raspberrypi/rp2040/dcd_rp2040.c.obj
                0x1000441c                dcd_init
 .text.dcd_int_enable
                0x100044a8        0x8 CMakeFiles/Atividade.dir/C_/Users/V4I65WU/.pico-sdk/sdk/2.2.0/lib/tinyusb/src/portable/raspberrypi/rp2040/dcd_rp2040.c.obj
                0x100044a8                dcd_int_enable
 .text.dcd_set_address
                0x100044b0       0x10 CMakeFiles/Atividade.dir/C_/Users/V4I65WU/.pico-sdk/sdk/2.2.0/lib/tinyusb/src/portable/raspberrypi/rp2040/dcd_rp2040.c.obj
                0x100044b0                dcd_set_address
 .text.dcd_sof_enable
                0x100044c0       0x1c CMakeFiles/Atividade.dir/C_/Users/V4I65WU/.pico-sdk/sdk/2.2.0/lib/tinyusb/src/portable/raspberrypi/rp2040/dcd_rp2040.c.obj
                0x100044c0                dcd_sof_enable
 .text.dcd_edpt0_status_complete
                0x100044dc       0x1c CMakeFiles/Atividade.dir/C_/Users/V4I65WU/.pico-sdk/sdk/2.2.0/lib/tinyusb/src/portable/raspberrypi/rp2040/dcd_rp2040.c.obj
                0x100044dc                dcd_edpt0_status_complete
 .text.dcd_edpt_open
                0x100044f8      0x104 CMakeFiles/Atividade.dir/C_/Users/V4I65WU/.pico-sdk/sdk/2.2.0/lib/tinyusb/src/portable/raspberrypi/rp2040/dcd_rp2040.c.obj
                0x100044f8                dcd_edpt_open
 .text.dcd_edpt_close_all
                0x100045fc        0x4 CMakeFiles/Atividade.dir/C_/Users/V4I65WU/.pico-sdk/sdk/2.2.0/lib/tinyusb/src/portable/raspberrypi/rp2040/dcd_rp2040.c.obj
                0x100045fc                dcd_edpt_close_all
 .text.dcd_edpt_xfer
                0x10004600       0x28 CMakeFiles/Atividade.dir/C_/Users/V4I65WU/.pico-sdk/sdk/2.2.0/lib/tinyusb/src/portable/raspberrypi/rp2040/dcd_rp2040.c.obj
                0x10004600                dcd_edpt_xfer
 .text.dcd_edpt_stall
                0x10004628       0x30 CMakeFiles/Atividade.dir/C_/Users/V4I65WU/.pico-sdk/sdk/2.2.0/lib/tinyusb/src/portable/raspberrypi/rp2040/dcd_rp2040.c.obj
                0x10004628                dcd_edpt_stall
 .text.dcd_edpt_clear_stall
                0x10004658       0x24 CMakeFiles/Atividade.dir/C_/Users/V4I65WU/.pico-sdk/sdk/2.2.0/lib/tinyusb/src/portable/raspberrypi/rp2040/dcd_rp2040.c.obj
                0x10004658                dcd_edpt_clear_stall
 .text.rp2040_usb_init
                0x1000467c       0x40 CMakeFiles/Atividade.dir/C_/Users/V4I65WU/.pico-sdk/sdk/2.2.0/lib/tinyusb/src/portable/raspberrypi/rp2040/rp2040_usb.c.obj
                0x1000467c                rp2040_usb_init
 .text.hw_endpoint_xfer_start
                0x100046bc       0x40 CMakeFiles/Atividade.dir/C_/Users/V4I65WU/.pico-sdk/sdk/2.2.0/lib/tinyusb/src/portable/raspberrypi/rp2040/rp2040_usb.c.obj
                0x100046bc                hw_endpoint_xfer_start
 .text.configuration_reset
                0x100046fc       0x8c CMakeFiles/Atividade.dir/C_/Users/V4I65WU/.pico-sdk/sdk/2.2.0/lib/tinyusb/src/device/usbd.c.obj
 .text.tud_event_hook_cb
                0x10004788        0x4 CMakeFiles/Atividade.dir/C_/Users/V4I65WU/.pico-sdk/sdk/2.2.0/lib/tinyusb/src/device/usbd.c.obj
                0x10004788                tud_event_hook_cb
 .text.tud_sof_cb
                0x1000478c        0x4 CMakeFiles/Atividade.dir/C_/Users/V4I65WU/.pico-sdk/sdk/2.2.0/lib/tinyusb/src/device/usbd.c.obj
                0x1000478c                tud_sof_cb
 .text.tud_descriptor_device_qualifier_cb
                0x10004790        0x4 CMakeFiles/Atividade.dir/C_/Users/V4I65WU/.pico-sdk/sdk/2.2.0/lib/tinyusb/src/device/usbd.c.obj
                0x10004790                tud_descriptor_device_qualifier_cb
 .text.tud_descriptor_other_speed_configuration_cb
                0x10004794        0x4 CMakeFiles/Atividade.dir/C_/Users/V4I65WU/.pico-sdk/sdk/2.2.0/lib/tinyusb/src/device/usbd.c.obj
                0x10004794                tud_descriptor_other_speed_configuration_cb
 .text.tud_mount_cb
                0x10004798        0x4 CMakeFiles/Atividade.dir/C_/Users/V4I65WU/.pico-sdk/sdk/2.2.0/lib/tinyusb/src/device/usbd.c.obj
                0x10004798                tud_mount_cb
 .text.tud_umount_cb
                0x1000479c        0x4 CMakeFiles/Atividade.dir/C_/Users/V4I65WU/.pico-sdk/sdk/2.2.0/lib/tinyusb/src/device/usbd.c.obj
                0x1000479c                tud_umount_cb
 .text.tud_suspend_cb
                0x100047a0        0x4 CMakeFiles/Atividade.dir/C_/Users/V4I65WU/.pico-sdk/sdk/2.2.0/lib/tinyusb/src/device/usbd.c.obj
                0x100047a0                tud_suspend_cb
 .text.tud_resume_cb
                0x100047a4        0x4 CMakeFiles/Atividade.dir/C_/Users/V4I65WU/.pico-sdk/sdk/2.2.0/lib/tinyusb/src/device/usbd.c.obj
                0x100047a4                tud_resume_cb
 .text.tud_mounted
                0x100047a8       0x10 CMakeFiles/Atividade.dir/C_/Users/V4I65WU/.pico-sdk/sdk/2.2.0/lib/tinyusb/src/device/usbd.c.obj
                0x100047a8                tud_mounted
 .text.tud_suspended
                0x100047b8       0x10 CMakeFiles/Atividade.dir/C_/Users/V4I65WU/.pico-sdk/sdk/2.2.0/lib/tinyusb/src/device/usbd.c.obj
                0x100047b8                tud_suspended
 .text.tud_rhport_init
                0x100047c8       0xf4 CMakeFiles/Atividade.dir/C_/Users/V4I65WU/.pico-sdk/sdk/2.2.0/lib/tinyusb/src/device/usbd.c.obj
                0x100047c8                tud_rhport_init
 .text.tud_task_ext
                0x100048bc      0x784 CMakeFiles/Atividade.dir/C_/Users/V4I65WU/.pico-sdk/sdk/2.2.0/lib/tinyusb/src/device/usbd.c.obj
                0x100048bc                tud_task_ext
 .text.usbd_open_edpt_pair
                0x10005040       0x9c CMakeFiles/Atividade.dir/C_/Users/V4I65WU/.pico-sdk/sdk/2.2.0/lib/tinyusb/src/device/usbd.c.obj
                0x10005040                usbd_open_edpt_pair
 .text.usbd_edpt_open
                0x100050dc       0x44 CMakeFiles/Atividade.dir/C_/Users/V4I65WU/.pico-sdk/sdk/2.2.0/lib/tinyusb/src/device/usbd.c.obj
                0x100050dc                usbd_edpt_open
 .text.usbd_edpt_claim
                0x10005120       0x24 CMakeFiles/Atividade.dir/C_/Users/V4I65WU/.pico-sdk/sdk/2.2.0/lib/tinyusb/src/device/usbd.c.obj
                0x10005120                usbd_edpt_claim
 .text.usbd_edpt_release
                0x10005144       0x24 CMakeFiles/Atividade.dir/C_/Users/V4I65WU/.pico-sdk/sdk/2.2.0/lib/tinyusb/src/device/usbd.c.obj
                0x10005144                usbd_edpt_release
 .text.usbd_edpt_xfer
                0x10005168       0x70 CMakeFiles/Atividade.dir/C_/Users/V4I65WU/.pico-sdk/sdk/2.2.0/lib/tinyusb/src/device/usbd.c.obj
                0x10005168                usbd_edpt_xfer
 .text.tud_control_status
                0x100051d8       0x34 CMakeFiles/Atividade.dir/C_/Users/V4I65WU/.pico-sdk/sdk/2.2.0/lib/tinyusb/src/device/usbd_control.c.obj
                0x100051d8                tud_control_status
 .text.tud_control_xfer
                0x1000520c       0xb0 CMakeFiles/Atividade.dir/C_/Users/V4I65WU/.pico-sdk/sdk/2.2.0/lib/tinyusb/src/device/usbd_control.c.obj
                0x1000520c                tud_control_xfer
 .text.usbd_control_reset
                0x100052bc       0x14 CMakeFiles/Atividade.dir/C_/Users/V4I65WU/.pico-sdk/sdk/2.2.0/lib/tinyusb/src/device/usbd_control.c.obj
                0x100052bc                usbd_control_reset
 .text.usbd_control_set_complete_callback
                0x100052d0        0xc CMakeFiles/Atividade.dir/C_/Users/V4I65WU/.pico-sdk/sdk/2.2.0/lib/tinyusb/src/device/usbd_control.c.obj
                0x100052d0                usbd_control_set_complete_callback
 .text.usbd_control_set_request
                0x100052dc       0x1c CMakeFiles/Atividade.dir/C_/Users/V4I65WU/.pico-sdk/sdk/2.2.0/lib/tinyusb/src/device/usbd_control.c.obj
                0x100052dc                usbd_control_set_request
 .text.usbd_control_xfer_cb
                0x100052f8      0x100 CMakeFiles/Atividade.dir/C_/Users/V4I65WU/.pico-sdk/sdk/2.2.0/lib/tinyusb/src/device/usbd_control.c.obj
                0x100052f8                usbd_control_xfer_cb
 .text._prep_out_transaction.isra.0
                0x100053f8       0x74 CMakeFiles/Atividade.dir/C_/Users/V4I65WU/.pico-sdk/sdk/2.2.0/lib/tinyusb/src/class/cdc/cdc_device.c.obj
 .text.tud_cdc_n_connected
                0x1000546c       0x2c CMakeFiles/Atividade.dir/C_/Users/V4I65WU/.pico-sdk/sdk/2.2.0/lib/tinyusb/src/class/cdc/cdc_device.c.obj
                0x1000546c                tud_cdc_n_connected
 .text.tud_cdc_n_available
                0x10005498       0x14 CMakeFiles/Atividade.dir/C_/Users/V4I65WU/.pico-sdk/sdk/2.2.0/lib/tinyusb/src/class/cdc/cdc_device.c.obj
                0x10005498                tud_cdc_n_available
 .text.tud_cdc_n_read
                0x100054ac       0x90 CMakeFiles/Atividade.dir/C_/Users/V4I65WU/.pico-sdk/sdk/2.2.0/lib/tinyusb/src/class/cdc/cdc_device.c.obj
                0x100054ac                tud_cdc_n_read
 .text.tud_cdc_n_write_flush
                0x1000553c       0x8c CMakeFiles/Atividade.dir/C_/Users/V4I65WU/.pico-sdk/sdk/2.2.0/lib/tinyusb/src/class/cdc/cdc_device.c.obj
                0x1000553c                tud_cdc_n_write_flush
 .text.tud_cdc_n_write
                0x100055c8       0x40 CMakeFiles/Atividade.dir/C_/Users/V4I65WU/.pico-sdk/sdk/2.2.0/lib/tinyusb/src/class/cdc/cdc_device.c.obj
                0x100055c8                tud_cdc_n_write
 .text.tud_cdc_n_write_available
                0x10005608       0x14 CMakeFiles/Atividade.dir/C_/Users/V4I65WU/.pico-sdk/sdk/2.2.0/lib/tinyusb/src/class/cdc/cdc_device.c.obj
                0x10005608                tud_cdc_n_write_available
 .text.cdcd_init
                0x1000561c       0x70 CMakeFiles/Atividade.dir/C_/Users/V4I65WU/.pico-sdk/sdk/2.2.0/lib/tinyusb/src/class/cdc/cdc_device.c.obj
                0x1000561c                cdcd_init
 .text.cdcd_deinit
                0x1000568c       0x30 CMakeFiles/Atividade.dir/C_/Users/V4I65WU/.pico-sdk/sdk/2.2.0/lib/tinyusb/src/class/cdc/cdc_device.c.obj
                0x1000568c                cdcd_deinit
 .text.cdcd_reset
                0x100056bc       0x4c CMakeFiles/Atividade.dir/C_/Users/V4I65WU/.pico-sdk/sdk/2.2.0/lib/tinyusb/src/class/cdc/cdc_device.c.obj
                0x100056bc                cdcd_reset
 .text.cdcd_open
                0x10005708       0xc0 CMakeFiles/Atividade.dir/C_/Users/V4I65WU/.pico-sdk/sdk/2.2.0/lib/tinyusb/src/class/cdc/cdc_device.c.obj
                0x10005708                cdcd_open
 .text.cdcd_control_xfer_cb
                0x100057c8       0xc0 CMakeFiles/Atividade.dir/C_/Users/V4I65WU/.pico-sdk/sdk/2.2.0/lib/tinyusb/src/class/cdc/cdc_device.c.obj
                0x100057c8                cdcd_control_xfer_cb
 .text.cdcd_xfer_cb
                0x10005888       0xf8 CMakeFiles/Atividade.dir/C_/Users/V4I65WU/.pico-sdk/sdk/2.2.0/lib/tinyusb/src/class/cdc/cdc_device.c.obj
                0x10005888                cdcd_xfer_cb
 .text.vendord_init
                0x10005980       0x5c CMakeFiles/Atividade.dir/C_/Users/V4I65WU/.pico-sdk/sdk/2.2.0/lib/tinyusb/src/class/vendor/vendor_device.c.obj
                0x10005980                vendord_init
 .text.vendord_deinit
                0x100059dc       0x1c CMakeFiles/Atividade.dir/C_/Users/V4I65WU/.pico-sdk/sdk/2.2.0/lib/tinyusb/src/class/vendor/vendor_device.c.obj
                0x100059dc                vendord_deinit
 .text.vendord_reset
                0x100059f8       0x24 CMakeFiles/Atividade.dir/C_/Users/V4I65WU/.pico-sdk/sdk/2.2.0/lib/tinyusb/src/class/vendor/vendor_device.c.obj
                0x100059f8                vendord_reset
 .text.vendord_open
                0x10005a1c       0xf4 CMakeFiles/Atividade.dir/C_/Users/V4I65WU/.pico-sdk/sdk/2.2.0/lib/tinyusb/src/class/vendor/vendor_device.c.obj
                0x10005a1c                vendord_open
 .text.vendord_xfer_cb
                0x10005b10       0x88 CMakeFiles/Atividade.dir/C_/Users/V4I65WU/.pico-sdk/sdk/2.2.0/lib/tinyusb/src/class/vendor/vendor_device.c.obj
                0x10005b10                vendord_xfer_cb
 .text.tusb_rhport_init
                0x10005b98       0x64 CMakeFiles/Atividade.dir/C_/Users/V4I65WU/.pico-sdk/sdk/2.2.0/lib/tinyusb/src/tusb.c.obj
                0x10005b98                tusb_rhport_init
 .text.tu_edpt_claim
                0x10005bfc       0x54 CMakeFiles/Atividade.dir/C_/Users/V4I65WU/.pico-sdk/sdk/2.2.0/lib/tinyusb/src/tusb.c.obj
                0x10005bfc                tu_edpt_claim
 .text.tu_edpt_release
                0x10005c50       0x38 CMakeFiles/Atividade.dir/C_/Users/V4I65WU/.pico-sdk/sdk/2.2.0/lib/tinyusb/src/tusb.c.obj
                0x10005c50                tu_edpt_release
 .text.tu_edpt_validate
                0x10005c88       0x60 CMakeFiles/Atividade.dir/C_/Users/V4I65WU/.pico-sdk/sdk/2.2.0/lib/tinyusb/src/tusb.c.obj
                0x10005c88                tu_edpt_validate
 .text.tu_edpt_bind_driver
                0x10005ce8       0x58 CMakeFiles/Atividade.dir/C_/Users/V4I65WU/.pico-sdk/sdk/2.2.0/lib/tinyusb/src/tusb.c.obj
                0x10005ce8                tu_edpt_bind_driver
 .text.tu_edpt_stream_init
                0x10005d40       0x58 CMakeFiles/Atividade.dir/C_/Users/V4I65WU/.pico-sdk/sdk/2.2.0/lib/tinyusb/src/tusb.c.obj
                0x10005d40                tu_edpt_stream_init
 .text.tu_edpt_stream_deinit
                0x10005d98        0x4 CMakeFiles/Atividade.dir/C_/Users/V4I65WU/.pico-sdk/sdk/2.2.0/lib/tinyusb/src/tusb.c.obj
                0x10005d98                tu_edpt_stream_deinit
 .text.tu_edpt_stream_write_zlp_if_needed
                0x10005d9c       0x68 CMakeFiles/Atividade.dir/C_/Users/V4I65WU/.pico-sdk/sdk/2.2.0/lib/tinyusb/src/tusb.c.obj
                0x10005d9c                tu_edpt_stream_write_zlp_if_needed
 .text.tu_edpt_stream_write_xfer
                0x10005e04       0x70 CMakeFiles/Atividade.dir/C_/Users/V4I65WU/.pico-sdk/sdk/2.2.0/lib/tinyusb/src/tusb.c.obj
                0x10005e04                tu_edpt_stream_write_xfer
 .text.tu_edpt_stream_read_xfer
                0x10005e74       0xc8 CMakeFiles/Atividade.dir/C_/Users/V4I65WU/.pico-sdk/sdk/2.2.0/lib/tinyusb/src/tusb.c.obj
                0x10005e74                tu_edpt_stream_read_xfer
 .text.tu_fifo_config
                0x10005f3c       0x60 CMakeFiles/Atividade.dir/C_/Users/V4I65WU/.pico-sdk/sdk/2.2.0/lib/tinyusb/src/common/tusb_fifo.c.obj
                0x10005f3c                tu_fifo_config
 .text.tu_fifo_count
                0x10005f9c       0x20 CMakeFiles/Atividade.dir/C_/Users/V4I65WU/.pico-sdk/sdk/2.2.0/lib/tinyusb/src/common/tusb_fifo.c.obj
                0x10005f9c                tu_fifo_count
 .text.tu_fifo_empty
                0x10005fbc       0x14 CMakeFiles/Atividade.dir/C_/Users/V4I65WU/.pico-sdk/sdk/2.2.0/lib/tinyusb/src/common/tusb_fifo.c.obj
                0x10005fbc                tu_fifo_empty
 .text.tu_fifo_remaining
                0x10005fd0       0x24 CMakeFiles/Atividade.dir/C_/Users/V4I65WU/.pico-sdk/sdk/2.2.0/lib/tinyusb/src/common/tusb_fifo.c.obj
                0x10005fd0                tu_fifo_remaining
 .text.tu_fifo_read
                0x10005ff4       0x94 CMakeFiles/Atividade.dir/C_/Users/V4I65WU/.pico-sdk/sdk/2.2.0/lib/tinyusb/src/common/tusb_fifo.c.obj
                0x10005ff4                tu_fifo_read
 .text.tu_fifo_read_n
                0x10006088       0xd8 CMakeFiles/Atividade.dir/C_/Users/V4I65WU/.pico-sdk/sdk/2.2.0/lib/tinyusb/src/common/tusb_fifo.c.obj
                0x10006088                tu_fifo_read_n
 .text.tu_fifo_write
                0x10006160       0xa4 CMakeFiles/Atividade.dir/C_/Users/V4I65WU/.pico-sdk/sdk/2.2.0/lib/tinyusb/src/common/tusb_fifo.c.obj
                0x10006160                tu_fifo_write
 .text.tu_fifo_write_n
                0x10006204      0x15c CMakeFiles/Atividade.dir/C_/Users/V4I65WU/.pico-sdk/sdk/2.2.0/lib/tinyusb/src/common/tusb_fifo.c.obj
                0x10006204                tu_fifo_write_n
 .text.tu_fifo_clear
                0x10006360       0x38 CMakeFiles/Atividade.dir/C_/Users/V4I65WU/.pico-sdk/sdk/2.2.0/lib/tinyusb/src/common/tusb_fifo.c.obj
                0x10006360                tu_fifo_clear
 .text.tu_fifo_set_overwritable
                0x10006398       0x3c CMakeFiles/Atividade.dir/C_/Users/V4I65WU/.pico-sdk/sdk/2.2.0/lib/tinyusb/src/common/tusb_fifo.c.obj
                0x10006398                tu_fifo_set_overwritable
 .text.mqtt_close
                0x100063d4       0x78 CMakeFiles/Atividade.dir/C_/Users/V4I65WU/.pico-sdk/sdk/2.2.0/lib/lwip/src/apps/mqtt/mqtt.c.obj
 .text.mqtt_cyclic_timer
                0x1000644c      0x134 CMakeFiles/Atividade.dir/C_/Users/V4I65WU/.pico-sdk/sdk/2.2.0/lib/lwip/src/apps/mqtt/mqtt.c.obj
 .text.mqtt_output_send
                0x10006580       0xf8 CMakeFiles/Atividade.dir/C_/Users/V4I65WU/.pico-sdk/sdk/2.2.0/lib/lwip/src/apps/mqtt/mqtt.c.obj
 .text.mqtt_tcp_sent_cb
                0x10006678       0x64 CMakeFiles/Atividade.dir/C_/Users/V4I65WU/.pico-sdk/sdk/2.2.0/lib/lwip/src/apps/mqtt/mqtt.c.obj
 .text.pub_ack_rec_rel_response.isra.0
                0x100066dc       0xd4 CMakeFiles/Atividade.dir/C_/Users/V4I65WU/.pico-sdk/sdk/2.2.0/lib/lwip/src/apps/mqtt/mqtt.c.obj
 .text.mqtt_message_received
                0x100067b0      0x234 CMakeFiles/Atividade.dir/C_/Users/V4I65WU/.pico-sdk/sdk/2.2.0/lib/lwip/src/apps/mqtt/mqtt.c.obj
 .text.mqtt_tcp_recv_cb
                0x100069e4      0x18c CMakeFiles/Atividade.dir/C_/Users/V4I65WU/.pico-sdk/sdk/2.2.0/lib/lwip/src/apps/mqtt/mqtt.c.obj
 .text.mqtt_tcp_err_cb
                0x10006b70       0x4c CMakeFiles/Atividade.dir/C_/Users/V4I65WU/.pico-sdk/sdk/2.2.0/lib/lwip/src/apps/mqtt/mqtt.c.obj
 .text.mqtt_tcp_connect_cb
                0x10006bbc      0x148 CMakeFiles/Atividade.dir/C_/Users/V4I65WU/.pico-sdk/sdk/2.2.0/lib/lwip/src/apps/mqtt/mqtt.c.obj
 .text.mqtt_tcp_poll_cb
                0x10006d04      0x104 CMakeFiles/Atividade.dir/C_/Users/V4I65WU/.pico-sdk/sdk/2.2.0/lib/lwip/src/apps/mqtt/mqtt.c.obj
 .text.mqtt_publish
                0x10006e08      0x338 CMakeFiles/Atividade.dir/C_/Users/V4I65WU/.pico-sdk/sdk/2.2.0/lib/lwip/src/apps/mqtt/mqtt.c.obj
                0x10006e08                mqtt_publish
 .text.mqtt_sub_unsub
                0x10007140      0x364 CMakeFiles/Atividade.dir/C_/Users/V4I65WU/.pico-sdk/sdk/2.2.0/lib/lwip/src/apps/mqtt/mqtt.c.obj
                0x10007140                mqtt_sub_unsub
 .text.mqtt_set_inpub_callback
                0x100074a4       0x18 CMakeFiles/Atividade.dir/C_/Users/V4I65WU/.pico-sdk/sdk/2.2.0/lib/lwip/src/apps/mqtt/mqtt.c.obj
                0x100074a4                mqtt_set_inpub_callback
 .text.mqtt_client_new
                0x100074bc        0xc CMakeFiles/Atividade.dir/C_/Users/V4I65WU/.pico-sdk/sdk/2.2.0/lib/lwip/src/apps/mqtt/mqtt.c.obj
                0x100074bc                mqtt_client_new
 .text.mqtt_client_connect
                0x100074c8      0x85c CMakeFiles/Atividade.dir/C_/Users/V4I65WU/.pico-sdk/sdk/2.2.0/lib/lwip/src/apps/mqtt/mqtt.c.obj
                0x100074c8                mqtt_client_connect
 .text.lwip_timeout_reached
                0x10007d24        0x4 CMakeFiles/Atividade.dir/C_/Users/V4I65WU/.pico-sdk/sdk/2.2.0/src/rp2_common/pico_lwip/lwip_nosys.c.obj
 .text.update_next_timeout
                0x10007d28       0x5c CMakeFiles/Atividade.dir/C_/Users/V4I65WU/.pico-sdk/sdk/2.2.0/src/rp2_common/pico_lwip/lwip_nosys.c.obj
 .text.lwip_nosys_init
                0x10007d84       0x30 CMakeFiles/Atividade.dir/C_/Users/V4I65WU/.pico-sdk/sdk/2.2.0/src/rp2_common/pico_lwip/lwip_nosys.c.obj
                0x10007d84                lwip_nosys_init
 .text.lwip_nosys_deinit
                0x10007db4       0x24 CMakeFiles/Atividade.dir/C_/Users/V4I65WU/.pico-sdk/sdk/2.2.0/src/rp2_common/pico_lwip/lwip_nosys.c.obj
                0x10007db4                lwip_nosys_deinit
 .text.sys_arch_protect
                0x10007dd8        0x4 CMakeFiles/Atividade.dir/C_/Users/V4I65WU/.pico-sdk/sdk/2.2.0/src/rp2_common/pico_lwip/lwip_nosys.c.obj
                0x10007dd8                sys_arch_protect
 .text.sys_arch_unprotect
                0x10007ddc        0x4 CMakeFiles/Atividade.dir/C_/Users/V4I65WU/.pico-sdk/sdk/2.2.0/src/rp2_common/pico_lwip/lwip_nosys.c.obj
                0x10007ddc                sys_arch_unprotect
 .text.sys_now  0x10007de0       0x24 CMakeFiles/Atividade.dir/C_/Users/V4I65WU/.pico-sdk/sdk/2.2.0/src/rp2_common/pico_lwip/lwip_nosys.c.obj
                0x10007de0                sys_now
 .text.async_context_base_add_at_time_worker
                0x10007e04       0x24 CMakeFiles/Atividade.dir/C_/Users/V4I65WU/.pico-sdk/sdk/2.2.0/src/rp2_common/pico_async_context/async_context_base.c.obj
                0x10007e04                async_context_base_add_at_time_worker
 .text.async_context_base_remove_at_time_worker
                0x10007e28       0x20 CMakeFiles/Atividade.dir/C_/Users/V4I65WU/.pico-sdk/sdk/2.2.0/src/rp2_common/pico_async_context/async_context_base.c.obj
                0x10007e28                async_context_base_remove_at_time_worker
 .text.async_context_base_add_when_pending_worker
                0x10007e48       0x20 CMakeFiles/Atividade.dir/C_/Users/V4I65WU/.pico-sdk/sdk/2.2.0/src/rp2_common/pico_async_context/async_context_base.c.obj
                0x10007e48                async_context_base_add_when_pending_worker
 .text.async_context_base_remove_when_pending_worker
                0x10007e68       0x20 CMakeFiles/Atividade.dir/C_/Users/V4I65WU/.pico-sdk/sdk/2.2.0/src/rp2_common/pico_async_context/async_context_base.c.obj
                0x10007e68                async_context_base_remove_when_pending_worker
 .text.async_context_base_execute_once
                0x10007e88       0xd8 CMakeFiles/Atividade.dir/C_/Users/V4I65WU/.pico-sdk/sdk/2.2.0/src/rp2_common/pico_async_context/async_context_base.c.obj
                0x10007e88                async_context_base_execute_once
 .text.splitmix64
                0x10007f60       0x70 CMakeFiles/Atividade.dir/C_/Users/V4I65WU/.pico-sdk/sdk/2.2.0/src/rp2_common/pico_rand/rand.c.obj
 .text.capture_additional_trng_samples
                0x10007fd0       0xa0 CMakeFiles/Atividade.dir/C_/Users/V4I65WU/.pico-sdk/sdk/2.2.0/src/rp2_common/pico_rand/rand.c.obj
 .text.xoroshiro128ss
                0x10008070       0x8c CMakeFiles/Atividade.dir/C_/Users/V4I65WU/.pico-sdk/sdk/2.2.0/src/rp2_common/pico_rand/rand.c.obj
 .text.get_rand_64
                0x100080fc      0x188 CMakeFiles/Atividade.dir/C_/Users/V4I65WU/.pico-sdk/sdk/2.2.0/src/rp2_common/pico_rand/rand.c.obj
                0x100080fc                get_rand_64
 .text.get_rand_32
                0x10008284        0x8 CMakeFiles/Atividade.dir/C_/Users/V4I65WU/.pico-sdk/sdk/2.2.0/src/rp2_common/pico_rand/rand.c.obj
                0x10008284                get_rand_32
 .text.lwip_init
                0x1000828c       0x28 CMakeFiles/Atividade.dir/C_/Users/V4I65WU/.pico-sdk/sdk/2.2.0/lib/lwip/src/core/init.c.obj
                0x1000828c                lwip_init
 .text.lwip_htons
                0x100082b4        0x8 CMakeFiles/Atividade.dir/C_/Users/V4I65WU/.pico-sdk/sdk/2.2.0/lib/lwip/src/core/def.c.obj
                0x100082b4                lwip_htons
 .text.lwip_htonl
                0x100082bc        0x4 CMakeFiles/Atividade.dir/C_/Users/V4I65WU/.pico-sdk/sdk/2.2.0/lib/lwip/src/core/def.c.obj
                0x100082bc                lwip_htonl
 .text.dns_call_found
                0x100082c0      0x15c CMakeFiles/Atividade.dir/C_/Users/V4I65WU/.pico-sdk/sdk/2.2.0/lib/lwip/src/core/dns.c.obj
 .text.dns_send.isra.0
                0x1000841c      0x168 CMakeFiles/Atividade.dir/C_/Users/V4I65WU/.pico-sdk/sdk/2.2.0/lib/lwip/src/core/dns.c.obj
 .text.dns_init
                0x10008584        0x4 CMakeFiles/Atividade.dir/C_/Users/V4I65WU/.pico-sdk/sdk/2.2.0/lib/lwip/src/core/dns.c.obj
                0x10008584                dns_init
 .text.dns_setserver
                0x10008588       0x28 CMakeFiles/Atividade.dir/C_/Users/V4I65WU/.pico-sdk/sdk/2.2.0/lib/lwip/src/core/dns.c.obj
                0x10008588                dns_setserver
 .text.dns_tmr  0x100085b0      0x134 CMakeFiles/Atividade.dir/C_/Users/V4I65WU/.pico-sdk/sdk/2.2.0/lib/lwip/src/core/dns.c.obj
                0x100085b0                dns_tmr
 .text.lwip_standard_chksum
                0x100086e4       0xcc CMakeFiles/Atividade.dir/C_/Users/V4I65WU/.pico-sdk/sdk/2.2.0/lib/lwip/src/core/inet_chksum.c.obj
                0x100086e4                lwip_standard_chksum
 .text.inet_chksum_pseudo
                0x100087b0       0x88 CMakeFiles/Atividade.dir/C_/Users/V4I65WU/.pico-sdk/sdk/2.2.0/lib/lwip/src/core/inet_chksum.c.obj
                0x100087b0                inet_chksum_pseudo
 .text.ip_chksum_pseudo
                0x10008838        0x4 CMakeFiles/Atividade.dir/C_/Users/V4I65WU/.pico-sdk/sdk/2.2.0/lib/lwip/src/core/inet_chksum.c.obj
                0x10008838                ip_chksum_pseudo
 .text.inet_chksum
                0x1000883c        0xc CMakeFiles/Atividade.dir/C_/Users/V4I65WU/.pico-sdk/sdk/2.2.0/lib/lwip/src/core/inet_chksum.c.obj
                0x1000883c                inet_chksum
 .text.inet_chksum_pbuf
                0x10008848       0x48 CMakeFiles/Atividade.dir/C_/Users/V4I65WU/.pico-sdk/sdk/2.2.0/lib/lwip/src/core/inet_chksum.c.obj
                0x10008848                inet_chksum_pbuf
 .text.mem_init
                0x10008890       0x48 CMakeFiles/Atividade.dir/C_/Users/V4I65WU/.pico-sdk/sdk/2.2.0/lib/lwip/src/core/mem.c.obj
                0x10008890                mem_init
 .text.mem_free
                0x100088d8      0x134 CMakeFiles/Atividade.dir/C_/Users/V4I65WU/.pico-sdk/sdk/2.2.0/lib/lwip/src/core/mem.c.obj
                0x100088d8                mem_free
 .text.mem_trim
                0x10008a0c       0xe0 CMakeFiles/Atividade.dir/C_/Users/V4I65WU/.pico-sdk/sdk/2.2.0/lib/lwip/src/core/mem.c.obj
                0x10008a0c                mem_trim
 .text.mem_malloc
                0x10008aec      0x108 CMakeFiles/Atividade.dir/C_/Users/V4I65WU/.pico-sdk/sdk/2.2.0/lib/lwip/src/core/mem.c.obj
                0x10008aec                mem_malloc
 .text.mem_calloc
                0x10008bf4       0x28 CMakeFiles/Atividade.dir/C_/Users/V4I65WU/.pico-sdk/sdk/2.2.0/lib/lwip/src/core/mem.c.obj
                0x10008bf4                mem_calloc
 .text.memp_init
                0x10008c1c       0x58 CMakeFiles/Atividade.dir/C_/Users/V4I65WU/.pico-sdk/sdk/2.2.0/lib/lwip/src/core/memp.c.obj
                0x10008c1c                memp_init
 .text.memp_malloc
                0x10008c74       0x40 CMakeFiles/Atividade.dir/C_/Users/V4I65WU/.pico-sdk/sdk/2.2.0/lib/lwip/src/core/memp.c.obj
                0x10008c74                memp_malloc
 .text.memp_free
                0x10008cb4       0x3c CMakeFiles/Atividade.dir/C_/Users/V4I65WU/.pico-sdk/sdk/2.2.0/lib/lwip/src/core/memp.c.obj
                0x10008cb4                memp_free
 .text.netif_null_output_ip4
                0x10008cf0        0x8 CMakeFiles/Atividade.dir/C_/Users/V4I65WU/.pico-sdk/sdk/2.2.0/lib/lwip/src/core/netif.c.obj
 .text.netif_do_set_ipaddr.isra.0
                0x10008cf8       0x70 CMakeFiles/Atividade.dir/C_/Users/V4I65WU/.pico-sdk/sdk/2.2.0/lib/lwip/src/core/netif.c.obj
 .text.netif_init
                0x10008d68        0x4 CMakeFiles/Atividade.dir/C_/Users/V4I65WU/.pico-sdk/sdk/2.2.0/lib/lwip/src/core/netif.c.obj
                0x10008d68                netif_init
 .text.netif_add
                0x10008d6c      0x148 CMakeFiles/Atividade.dir/C_/Users/V4I65WU/.pico-sdk/sdk/2.2.0/lib/lwip/src/core/netif.c.obj
                0x10008d6c                netif_add
 .text.netif_set_addr
                0x10008eb4       0xa4 CMakeFiles/Atividade.dir/C_/Users/V4I65WU/.pico-sdk/sdk/2.2.0/lib/lwip/src/core/netif.c.obj
                0x10008eb4                netif_set_addr
 .text.netif_remove
                0x10008f58       0x90 CMakeFiles/Atividade.dir/C_/Users/V4I65WU/.pico-sdk/sdk/2.2.0/lib/lwip/src/core/netif.c.obj
                0x10008f58                netif_remove
 .text.netif_set_default
                0x10008fe8        0xc CMakeFiles/Atividade.dir/C_/Users/V4I65WU/.pico-sdk/sdk/2.2.0/lib/lwip/src/core/netif.c.obj
                0x10008fe8                netif_set_default
 .text.netif_set_up
                0x10008ff4       0x44 CMakeFiles/Atividade.dir/C_/Users/V4I65WU/.pico-sdk/sdk/2.2.0/lib/lwip/src/core/netif.c.obj
                0x10008ff4                netif_set_up
 .text.netif_set_link_up
                0x10009038       0x4c CMakeFiles/Atividade.dir/C_/Users/V4I65WU/.pico-sdk/sdk/2.2.0/lib/lwip/src/core/netif.c.obj
                0x10009038                netif_set_link_up
 .text.netif_set_link_down
                0x10009084       0x1c CMakeFiles/Atividade.dir/C_/Users/V4I65WU/.pico-sdk/sdk/2.2.0/lib/lwip/src/core/netif.c.obj
                0x10009084                netif_set_link_down
 .text.netif_get_by_index
                0x100090a0       0x24 CMakeFiles/Atividade.dir/C_/Users/V4I65WU/.pico-sdk/sdk/2.2.0/lib/lwip/src/core/netif.c.obj
                0x100090a0                netif_get_by_index
 .text.pbuf_free.part.0
                0x100090c4       0x74 CMakeFiles/Atividade.dir/C_/Users/V4I65WU/.pico-sdk/sdk/2.2.0/lib/lwip/src/core/pbuf.c.obj
 .text.pbuf_free_ooseq
                0x10009138       0x34 CMakeFiles/Atividade.dir/C_/Users/V4I65WU/.pico-sdk/sdk/2.2.0/lib/lwip/src/core/pbuf.c.obj
                0x10009138                pbuf_free_ooseq
 .text.pbuf_alloc
                0x1000916c      0x124 CMakeFiles/Atividade.dir/C_/Users/V4I65WU/.pico-sdk/sdk/2.2.0/lib/lwip/src/core/pbuf.c.obj
                0x1000916c                pbuf_alloc
 .text.pbuf_realloc
                0x10009290       0x88 CMakeFiles/Atividade.dir/C_/Users/V4I65WU/.pico-sdk/sdk/2.2.0/lib/lwip/src/core/pbuf.c.obj
                0x10009290                pbuf_realloc
 .text.pbuf_add_header
                0x10009318       0x4c CMakeFiles/Atividade.dir/C_/Users/V4I65WU/.pico-sdk/sdk/2.2.0/lib/lwip/src/core/pbuf.c.obj
                0x10009318                pbuf_add_header
 .text.pbuf_remove_header
                0x10009364       0x38 CMakeFiles/Atividade.dir/C_/Users/V4I65WU/.pico-sdk/sdk/2.2.0/lib/lwip/src/core/pbuf.c.obj
                0x10009364                pbuf_remove_header
 .text.pbuf_header_force
                0x1000939c       0x68 CMakeFiles/Atividade.dir/C_/Users/V4I65WU/.pico-sdk/sdk/2.2.0/lib/lwip/src/core/pbuf.c.obj
                0x1000939c                pbuf_header_force
 .text.pbuf_free
                0x10009404       0x14 CMakeFiles/Atividade.dir/C_/Users/V4I65WU/.pico-sdk/sdk/2.2.0/lib/lwip/src/core/pbuf.c.obj
                0x10009404                pbuf_free
 .text.pbuf_clen
                0x10009418       0x14 CMakeFiles/Atividade.dir/C_/Users/V4I65WU/.pico-sdk/sdk/2.2.0/lib/lwip/src/core/pbuf.c.obj
                0x10009418                pbuf_clen
 .text.pbuf_ref
                0x1000942c       0x28 CMakeFiles/Atividade.dir/C_/Users/V4I65WU/.pico-sdk/sdk/2.2.0/lib/lwip/src/core/pbuf.c.obj
                0x1000942c                pbuf_ref
 .text.pbuf_cat
                0x10009454       0x50 CMakeFiles/Atividade.dir/C_/Users/V4I65WU/.pico-sdk/sdk/2.2.0/lib/lwip/src/core/pbuf.c.obj
                0x10009454                pbuf_cat
 .text.pbuf_chain
                0x100094a4       0x68 CMakeFiles/Atividade.dir/C_/Users/V4I65WU/.pico-sdk/sdk/2.2.0/lib/lwip/src/core/pbuf.c.obj
                0x100094a4                pbuf_chain
 .text.pbuf_copy_partial_pbuf
                0x1000950c      0x148 CMakeFiles/Atividade.dir/C_/Users/V4I65WU/.pico-sdk/sdk/2.2.0/lib/lwip/src/core/pbuf.c.obj
                0x1000950c                pbuf_copy_partial_pbuf
 .text.pbuf_copy
                0x10009654       0x10 CMakeFiles/Atividade.dir/C_/Users/V4I65WU/.pico-sdk/sdk/2.2.0/lib/lwip/src/core/pbuf.c.obj
                0x10009654                pbuf_copy
 .text.pbuf_copy_partial
                0x10009664       0x7c CMakeFiles/Atividade.dir/C_/Users/V4I65WU/.pico-sdk/sdk/2.2.0/lib/lwip/src/core/pbuf.c.obj
                0x10009664                pbuf_copy_partial
 .text.pbuf_get_contiguous
                0x100096e0       0xb4 CMakeFiles/Atividade.dir/C_/Users/V4I65WU/.pico-sdk/sdk/2.2.0/lib/lwip/src/core/pbuf.c.obj
                0x100096e0                pbuf_get_contiguous
 .text.pbuf_take
                0x10009794       0x6c CMakeFiles/Atividade.dir/C_/Users/V4I65WU/.pico-sdk/sdk/2.2.0/lib/lwip/src/core/pbuf.c.obj
                0x10009794                pbuf_take
 .text.pbuf_take_at
                0x10009800       0xb4 CMakeFiles/Atividade.dir/C_/Users/V4I65WU/.pico-sdk/sdk/2.2.0/lib/lwip/src/core/pbuf.c.obj
                0x10009800                pbuf_take_at
 .text.pbuf_clone
                0x100098b4       0x2c CMakeFiles/Atividade.dir/C_/Users/V4I65WU/.pico-sdk/sdk/2.2.0/lib/lwip/src/core/pbuf.c.obj
                0x100098b4                pbuf_clone
 .text.pbuf_get_at
                0x100098e0       0x1c CMakeFiles/Atividade.dir/C_/Users/V4I65WU/.pico-sdk/sdk/2.2.0/lib/lwip/src/core/pbuf.c.obj
                0x100098e0                pbuf_get_at
 .text.pbuf_put_at
                0x100098fc       0x1c CMakeFiles/Atividade.dir/C_/Users/V4I65WU/.pico-sdk/sdk/2.2.0/lib/lwip/src/core/pbuf.c.obj
                0x100098fc                pbuf_put_at
 .text.raw_input
                0x10009918      0x124 CMakeFiles/Atividade.dir/C_/Users/V4I65WU/.pico-sdk/sdk/2.2.0/lib/lwip/src/core/raw.c.obj
                0x10009918                raw_input
 .text.raw_netif_ip_addr_changed
                0x10009a3c       0x3c CMakeFiles/Atividade.dir/C_/Users/V4I65WU/.pico-sdk/sdk/2.2.0/lib/lwip/src/core/raw.c.obj
                0x10009a3c                raw_netif_ip_addr_changed
 .text.stats_init
                0x10009a78        0x4 CMakeFiles/Atividade.dir/C_/Users/V4I65WU/.pico-sdk/sdk/2.2.0/lib/lwip/src/core/stats.c.obj
                0x10009a78                stats_init
 .text.tcp_close_shutdown_fin
                0x10009a7c       0x4c CMakeFiles/Atividade.dir/C_/Users/V4I65WU/.pico-sdk/sdk/2.2.0/lib/lwip/src/core/tcp.c.obj
 .text.tcp_pcb_purge.part.0
                0x10009ac8       0xb0 CMakeFiles/Atividade.dir/C_/Users/V4I65WU/.pico-sdk/sdk/2.2.0/lib/lwip/src/core/tcp.c.obj
 .text.tcp_init
                0x10009b78       0x18 CMakeFiles/Atividade.dir/C_/Users/V4I65WU/.pico-sdk/sdk/2.2.0/lib/lwip/src/core/tcp.c.obj
                0x10009b78                tcp_init
 .text.tcp_free
                0x10009b90       0x20 CMakeFiles/Atividade.dir/C_/Users/V4I65WU/.pico-sdk/sdk/2.2.0/lib/lwip/src/core/tcp.c.obj
                0x10009b90                tcp_free
 .text.tcp_bind
                0x10009bb0       0xd0 CMakeFiles/Atividade.dir/C_/Users/V4I65WU/.pico-sdk/sdk/2.2.0/lib/lwip/src/core/tcp.c.obj
                0x10009bb0                tcp_bind
 .text.tcp_update_rcv_ann_wnd
                0x10009c80       0x58 CMakeFiles/Atividade.dir/C_/Users/V4I65WU/.pico-sdk/sdk/2.2.0/lib/lwip/src/core/tcp.c.obj
                0x10009c80                tcp_update_rcv_ann_wnd
 .text.tcp_recved
                0x10009cd8       0x90 CMakeFiles/Atividade.dir/C_/Users/V4I65WU/.pico-sdk/sdk/2.2.0/lib/lwip/src/core/tcp.c.obj
                0x10009cd8                tcp_recved
 .text.tcp_connect
                0x10009d68      0x188 CMakeFiles/Atividade.dir/C_/Users/V4I65WU/.pico-sdk/sdk/2.2.0/lib/lwip/src/core/tcp.c.obj
                0x10009d68                tcp_connect
 .text.tcp_slowtmr
                0x10009ef0      0x4f0 CMakeFiles/Atividade.dir/C_/Users/V4I65WU/.pico-sdk/sdk/2.2.0/lib/lwip/src/core/tcp.c.obj
                0x10009ef0                tcp_slowtmr
 .text.tcp_segs_free
                0x1000a3e0       0x34 CMakeFiles/Atividade.dir/C_/Users/V4I65WU/.pico-sdk/sdk/2.2.0/lib/lwip/src/core/tcp.c.obj
                0x1000a3e0                tcp_segs_free
 .text.tcp_seg_free
                0x1000a414       0x1c CMakeFiles/Atividade.dir/C_/Users/V4I65WU/.pico-sdk/sdk/2.2.0/lib/lwip/src/core/tcp.c.obj
                0x1000a414                tcp_seg_free
 .text.tcp_seg_copy
                0x1000a430       0x34 CMakeFiles/Atividade.dir/C_/Users/V4I65WU/.pico-sdk/sdk/2.2.0/lib/lwip/src/core/tcp.c.obj
                0x1000a430                tcp_seg_copy
 .text.tcp_arg  0x1000a464        0x8 CMakeFiles/Atividade.dir/C_/Users/V4I65WU/.pico-sdk/sdk/2.2.0/lib/lwip/src/core/tcp.c.obj
                0x1000a464                tcp_arg
 .text.tcp_recv
                0x1000a46c       0x1c CMakeFiles/Atividade.dir/C_/Users/V4I65WU/.pico-sdk/sdk/2.2.0/lib/lwip/src/core/tcp.c.obj
                0x1000a46c                tcp_recv
 .text.tcp_sent
                0x1000a488       0x1c CMakeFiles/Atividade.dir/C_/Users/V4I65WU/.pico-sdk/sdk/2.2.0/lib/lwip/src/core/tcp.c.obj
                0x1000a488                tcp_sent
 .text.tcp_err  0x1000a4a4       0x1c CMakeFiles/Atividade.dir/C_/Users/V4I65WU/.pico-sdk/sdk/2.2.0/lib/lwip/src/core/tcp.c.obj
                0x1000a4a4                tcp_err
 .text.tcp_poll
                0x1000a4c0       0x20 CMakeFiles/Atividade.dir/C_/Users/V4I65WU/.pico-sdk/sdk/2.2.0/lib/lwip/src/core/tcp.c.obj
                0x1000a4c0                tcp_poll
 .text.tcp_pcb_purge
                0x1000a4e0       0x14 CMakeFiles/Atividade.dir/C_/Users/V4I65WU/.pico-sdk/sdk/2.2.0/lib/lwip/src/core/tcp.c.obj
                0x1000a4e0                tcp_pcb_purge
 .text.tcp_pcb_remove
                0x1000a4f4       0xd4 CMakeFiles/Atividade.dir/C_/Users/V4I65WU/.pico-sdk/sdk/2.2.0/lib/lwip/src/core/tcp.c.obj
                0x1000a4f4                tcp_pcb_remove
 .text.tcp_abandon
                0x1000a5c8      0x188 CMakeFiles/Atividade.dir/C_/Users/V4I65WU/.pico-sdk/sdk/2.2.0/lib/lwip/src/core/tcp.c.obj
                0x1000a5c8                tcp_abandon
 .text.tcp_abort
                0x1000a750        0x8 CMakeFiles/Atividade.dir/C_/Users/V4I65WU/.pico-sdk/sdk/2.2.0/lib/lwip/src/core/tcp.c.obj
                0x1000a750                tcp_abort
 .text.tcp_alloc
                0x1000a758      0x1a0 CMakeFiles/Atividade.dir/C_/Users/V4I65WU/.pico-sdk/sdk/2.2.0/lib/lwip/src/core/tcp.c.obj
                0x1000a758                tcp_alloc
 .text.tcp_new_ip_type
                0x1000a8f8        0x8 CMakeFiles/Atividade.dir/C_/Users/V4I65WU/.pico-sdk/sdk/2.2.0/lib/lwip/src/core/tcp.c.obj
                0x1000a8f8                tcp_new_ip_type
 .text.tcp_close_shutdown
                0x1000a900      0x184 CMakeFiles/Atividade.dir/C_/Users/V4I65WU/.pico-sdk/sdk/2.2.0/lib/lwip/src/core/tcp.c.obj
 .text.tcp_recv_null
                0x1000aa84       0xc0 CMakeFiles/Atividade.dir/C_/Users/V4I65WU/.pico-sdk/sdk/2.2.0/lib/lwip/src/core/tcp.c.obj
                0x1000aa84                tcp_recv_null
 .text.tcp_process_refused_data
                0x1000ab44       0x70 CMakeFiles/Atividade.dir/C_/Users/V4I65WU/.pico-sdk/sdk/2.2.0/lib/lwip/src/core/tcp.c.obj
                0x1000ab44                tcp_process_refused_data
 .text.tcp_fasttmr
                0x1000abb4       0x84 CMakeFiles/Atividade.dir/C_/Users/V4I65WU/.pico-sdk/sdk/2.2.0/lib/lwip/src/core/tcp.c.obj
                0x1000abb4                tcp_fasttmr
 .text.tcp_tmr  0x1000ac38       0x24 CMakeFiles/Atividade.dir/C_/Users/V4I65WU/.pico-sdk/sdk/2.2.0/lib/lwip/src/core/tcp.c.obj
                0x1000ac38                tcp_tmr
 .text.tcp_close
                0x1000ac5c      0x178 CMakeFiles/Atividade.dir/C_/Users/V4I65WU/.pico-sdk/sdk/2.2.0/lib/lwip/src/core/tcp.c.obj
                0x1000ac5c                tcp_close
 .text.tcp_next_iss
                0x1000add4       0x24 CMakeFiles/Atividade.dir/C_/Users/V4I65WU/.pico-sdk/sdk/2.2.0/lib/lwip/src/core/tcp.c.obj
                0x1000add4                tcp_next_iss
 .text.tcp_eff_send_mss_netif
                0x1000adf8       0x28 CMakeFiles/Atividade.dir/C_/Users/V4I65WU/.pico-sdk/sdk/2.2.0/lib/lwip/src/core/tcp.c.obj
                0x1000adf8                tcp_eff_send_mss_netif
 .text.tcp_netif_ip_addr_changed
                0x1000ae20       0x94 CMakeFiles/Atividade.dir/C_/Users/V4I65WU/.pico-sdk/sdk/2.2.0/lib/lwip/src/core/tcp.c.obj
                0x1000ae20                tcp_netif_ip_addr_changed
 .text.tcp_free_ooseq
                0x1000aeb4       0x38 CMakeFiles/Atividade.dir/C_/Users/V4I65WU/.pico-sdk/sdk/2.2.0/lib/lwip/src/core/tcp.c.obj
                0x1000aeb4                tcp_free_ooseq
 .text.tcp_parseopt
                0x1000aeec      0x1a8 CMakeFiles/Atividade.dir/C_/Users/V4I65WU/.pico-sdk/sdk/2.2.0/lib/lwip/src/core/tcp_in.c.obj
 .text.tcp_oos_insert_segment
                0x1000b094       0x88 CMakeFiles/Atividade.dir/C_/Users/V4I65WU/.pico-sdk/sdk/2.2.0/lib/lwip/src/core/tcp_in.c.obj
 .text.tcp_free_acked_segments.isra.0
                0x1000b11c       0xb0 CMakeFiles/Atividade.dir/C_/Users/V4I65WU/.pico-sdk/sdk/2.2.0/lib/lwip/src/core/tcp_in.c.obj
 .text.tcp_receive
                0x1000b1cc      0x8b0 CMakeFiles/Atividade.dir/C_/Users/V4I65WU/.pico-sdk/sdk/2.2.0/lib/lwip/src/core/tcp_in.c.obj
 .text.tcp_input
                0x1000ba7c      0xce4 CMakeFiles/Atividade.dir/C_/Users/V4I65WU/.pico-sdk/sdk/2.2.0/lib/lwip/src/core/tcp_in.c.obj
                0x1000ba7c                tcp_input
 .text.tcp_trigger_input_pcb_close
                0x1000c760       0x10 CMakeFiles/Atividade.dir/C_/Users/V4I65WU/.pico-sdk/sdk/2.2.0/lib/lwip/src/core/tcp_in.c.obj
                0x1000c760                tcp_trigger_input_pcb_close
 .text.tcp_create_segment
                0x1000c770       0xc4 CMakeFiles/Atividade.dir/C_/Users/V4I65WU/.pico-sdk/sdk/2.2.0/lib/lwip/src/core/tcp_out.c.obj
 .text.tcp_output_control_segment
                0x1000c834       0xa8 CMakeFiles/Atividade.dir/C_/Users/V4I65WU/.pico-sdk/sdk/2.2.0/lib/lwip/src/core/tcp_out.c.obj
 .text.tcp_write
                0x1000c8dc      0x430 CMakeFiles/Atividade.dir/C_/Users/V4I65WU/.pico-sdk/sdk/2.2.0/lib/lwip/src/core/tcp_out.c.obj
                0x1000c8dc                tcp_write
 .text.tcp_split_unsent_seg
                0x1000cd0c      0x180 CMakeFiles/Atividade.dir/C_/Users/V4I65WU/.pico-sdk/sdk/2.2.0/lib/lwip/src/core/tcp_out.c.obj
                0x1000cd0c                tcp_split_unsent_seg
 .text.tcp_send_fin
                0x1000ce8c      0x100 CMakeFiles/Atividade.dir/C_/Users/V4I65WU/.pico-sdk/sdk/2.2.0/lib/lwip/src/core/tcp_out.c.obj
                0x1000ce8c                tcp_send_fin
 .text.tcp_enqueue_flags
                0x1000cf8c      0x110 CMakeFiles/Atividade.dir/C_/Users/V4I65WU/.pico-sdk/sdk/2.2.0/lib/lwip/src/core/tcp_out.c.obj
                0x1000cf8c                tcp_enqueue_flags
 .text.tcp_rexmit_rto_prepare
                0x1000d09c       0x74 CMakeFiles/Atividade.dir/C_/Users/V4I65WU/.pico-sdk/sdk/2.2.0/lib/lwip/src/core/tcp_out.c.obj
                0x1000d09c                tcp_rexmit_rto_prepare
 .text.tcp_rexmit
                0x1000d110       0x78 CMakeFiles/Atividade.dir/C_/Users/V4I65WU/.pico-sdk/sdk/2.2.0/lib/lwip/src/core/tcp_out.c.obj
                0x1000d110                tcp_rexmit
 .text.tcp_rexmit_fast
                0x1000d188       0x64 CMakeFiles/Atividade.dir/C_/Users/V4I65WU/.pico-sdk/sdk/2.2.0/lib/lwip/src/core/tcp_out.c.obj
                0x1000d188                tcp_rexmit_fast
 .text.tcp_rst  0x1000d1ec       0xb4 CMakeFiles/Atividade.dir/C_/Users/V4I65WU/.pico-sdk/sdk/2.2.0/lib/lwip/src/core/tcp_out.c.obj
                0x1000d1ec                tcp_rst
 .text.tcp_rst_netif
                0x1000d2a0       0xfc CMakeFiles/Atividade.dir/C_/Users/V4I65WU/.pico-sdk/sdk/2.2.0/lib/lwip/src/core/tcp_out.c.obj
                0x1000d2a0                tcp_rst_netif
 .text.tcp_send_empty_ack
                0x1000d39c       0xc4 CMakeFiles/Atividade.dir/C_/Users/V4I65WU/.pico-sdk/sdk/2.2.0/lib/lwip/src/core/tcp_out.c.obj
                0x1000d39c                tcp_send_empty_ack
 .text.tcp_output
                0x1000d460      0x398 CMakeFiles/Atividade.dir/C_/Users/V4I65WU/.pico-sdk/sdk/2.2.0/lib/lwip/src/core/tcp_out.c.obj
                0x1000d460                tcp_output
 .text.tcp_rexmit_rto_commit
                0x1000d7f8       0x24 CMakeFiles/Atividade.dir/C_/Users/V4I65WU/.pico-sdk/sdk/2.2.0/lib/lwip/src/core/tcp_out.c.obj
                0x1000d7f8                tcp_rexmit_rto_commit
 .text.tcp_rexmit_rto
                0x1000d81c       0x84 CMakeFiles/Atividade.dir/C_/Users/V4I65WU/.pico-sdk/sdk/2.2.0/lib/lwip/src/core/tcp_out.c.obj
                0x1000d81c                tcp_rexmit_rto
 .text.tcp_keepalive
                0x1000d8a0       0xa8 CMakeFiles/Atividade.dir/C_/Users/V4I65WU/.pico-sdk/sdk/2.2.0/lib/lwip/src/core/tcp_out.c.obj
                0x1000d8a0                tcp_keepalive
 .text.tcp_zero_window_probe
                0x1000d948      0x148 CMakeFiles/Atividade.dir/C_/Users/V4I65WU/.pico-sdk/sdk/2.2.0/lib/lwip/src/core/tcp_out.c.obj
                0x1000d948                tcp_zero_window_probe
 .text.tcpip_tcp_timer
                0x1000da90       0x70 CMakeFiles/Atividade.dir/C_/Users/V4I65WU/.pico-sdk/sdk/2.2.0/lib/lwip/src/core/timeouts.c.obj
 .text.lwip_cyclic_timer
                0x1000db00       0x90 CMakeFiles/Atividade.dir/C_/Users/V4I65WU/.pico-sdk/sdk/2.2.0/lib/lwip/src/core/timeouts.c.obj
 .text.tcp_timer_needed
                0x1000db90       0x74 CMakeFiles/Atividade.dir/C_/Users/V4I65WU/.pico-sdk/sdk/2.2.0/lib/lwip/src/core/timeouts.c.obj
                0x1000db90                tcp_timer_needed
 .text.sys_timeouts_init
                0x1000dc04       0x84 CMakeFiles/Atividade.dir/C_/Users/V4I65WU/.pico-sdk/sdk/2.2.0/lib/lwip/src/core/timeouts.c.obj
                0x1000dc04                sys_timeouts_init
 .text.sys_timeout
                0x1000dc88       0x5c CMakeFiles/Atividade.dir/C_/Users/V4I65WU/.pico-sdk/sdk/2.2.0/lib/lwip/src/core/timeouts.c.obj
                0x1000dc88                sys_timeout
 .text.sys_untimeout
                0x1000dce4       0x3c CMakeFiles/Atividade.dir/C_/Users/V4I65WU/.pico-sdk/sdk/2.2.0/lib/lwip/src/core/timeouts.c.obj
                0x1000dce4                sys_untimeout
 .text.sys_check_timeouts
                0x1000dd20       0x5c CMakeFiles/Atividade.dir/C_/Users/V4I65WU/.pico-sdk/sdk/2.2.0/lib/lwip/src/core/timeouts.c.obj
                0x1000dd20                sys_check_timeouts
 .text.sys_timeouts_sleeptime
                0x1000dd7c       0x24 CMakeFiles/Atividade.dir/C_/Users/V4I65WU/.pico-sdk/sdk/2.2.0/lib/lwip/src/core/timeouts.c.obj
                0x1000dd7c                sys_timeouts_sleeptime
 .text.udp_init
                0x1000dda0       0x18 CMakeFiles/Atividade.dir/C_/Users/V4I65WU/.pico-sdk/sdk/2.2.0/lib/lwip/src/core/udp.c.obj
                0x1000dda0                udp_init
 .text.udp_input
                0x1000ddb8      0x2ec CMakeFiles/Atividade.dir/C_/Users/V4I65WU/.pico-sdk/sdk/2.2.0/lib/lwip/src/core/udp.c.obj
                0x1000ddb8                udp_input
 .text.udp_bind
                0x1000e0a4       0xf4 CMakeFiles/Atividade.dir/C_/Users/V4I65WU/.pico-sdk/sdk/2.2.0/lib/lwip/src/core/udp.c.obj
                0x1000e0a4                udp_bind
 .text.udp_sendto_if_src
                0x1000e198      0x118 CMakeFiles/Atividade.dir/C_/Users/V4I65WU/.pico-sdk/sdk/2.2.0/lib/lwip/src/core/udp.c.obj
                0x1000e198                udp_sendto_if_src
 .text.udp_sendto_if
                0x1000e2b0       0x40 CMakeFiles/Atividade.dir/C_/Users/V4I65WU/.pico-sdk/sdk/2.2.0/lib/lwip/src/core/udp.c.obj
                0x1000e2b0                udp_sendto_if
 .text.udp_sendto
                0x1000e2f0       0x7c CMakeFiles/Atividade.dir/C_/Users/V4I65WU/.pico-sdk/sdk/2.2.0/lib/lwip/src/core/udp.c.obj
                0x1000e2f0                udp_sendto
 .text.udp_connect
                0x1000e36c       0x58 CMakeFiles/Atividade.dir/C_/Users/V4I65WU/.pico-sdk/sdk/2.2.0/lib/lwip/src/core/udp.c.obj
                0x1000e36c                udp_connect
 .text.udp_recv
                0x1000e3c4        0x8 CMakeFiles/Atividade.dir/C_/Users/V4I65WU/.pico-sdk/sdk/2.2.0/lib/lwip/src/core/udp.c.obj
                0x1000e3c4                udp_recv
 .text.udp_remove
                0x1000e3cc       0x34 CMakeFiles/Atividade.dir/C_/Users/V4I65WU/.pico-sdk/sdk/2.2.0/lib/lwip/src/core/udp.c.obj
                0x1000e3cc                udp_remove
 .text.udp_new  0x1000e400       0x1c CMakeFiles/Atividade.dir/C_/Users/V4I65WU/.pico-sdk/sdk/2.2.0/lib/lwip/src/core/udp.c.obj
                0x1000e400                udp_new
 .text.udp_netif_ip_addr_changed
                0x1000e41c       0x3c CMakeFiles/Atividade.dir/C_/Users/V4I65WU/.pico-sdk/sdk/2.2.0/lib/lwip/src/core/udp.c.obj
                0x1000e41c                udp_netif_ip_addr_changed
 .text.dhcp_create_msg
                0x1000e458      0x108 CMakeFiles/Atividade.dir/C_/Users/V4I65WU/.pico-sdk/sdk/2.2.0/lib/lwip/src/core/ipv4/dhcp.c.obj
 .text.dhcp_inc_pcb_refcount
                0x1000e560       0x64 CMakeFiles/Atividade.dir/C_/Users/V4I65WU/.pico-sdk/sdk/2.2.0/lib/lwip/src/core/ipv4/dhcp.c.obj
 .text.dhcp_bind
                0x1000e5c4      0x140 CMakeFiles/Atividade.dir/C_/Users/V4I65WU/.pico-sdk/sdk/2.2.0/lib/lwip/src/core/ipv4/dhcp.c.obj
 .text.dhcp_option_hostname.isra.0
                0x1000e704       0x7c CMakeFiles/Atividade.dir/C_/Users/V4I65WU/.pico-sdk/sdk/2.2.0/lib/lwip/src/core/ipv4/dhcp.c.obj
 .text.dhcp_handle_ack.isra.0
                0x1000e780       0xbc CMakeFiles/Atividade.dir/C_/Users/V4I65WU/.pico-sdk/sdk/2.2.0/lib/lwip/src/core/ipv4/dhcp.c.obj
 .text.dhcp_reboot.isra.0
                0x1000e83c      0x19c CMakeFiles/Atividade.dir/C_/Users/V4I65WU/.pico-sdk/sdk/2.2.0/lib/lwip/src/core/ipv4/dhcp.c.obj
 .text.dhcp_discover.isra.0
                0x1000e9d8      0x140 CMakeFiles/Atividade.dir/C_/Users/V4I65WU/.pico-sdk/sdk/2.2.0/lib/lwip/src/core/ipv4/dhcp.c.obj
 .text.dhcp_select.isra.0
                0x1000eb18      0x1f8 CMakeFiles/Atividade.dir/C_/Users/V4I65WU/.pico-sdk/sdk/2.2.0/lib/lwip/src/core/ipv4/dhcp.c.obj
 .text.dhcp_recv
                0x1000ed10      0x5c0 CMakeFiles/Atividade.dir/C_/Users/V4I65WU/.pico-sdk/sdk/2.2.0/lib/lwip/src/core/ipv4/dhcp.c.obj
 .text.dhcp_set_struct
                0x1000f2d0       0x3c CMakeFiles/Atividade.dir/C_/Users/V4I65WU/.pico-sdk/sdk/2.2.0/lib/lwip/src/core/ipv4/dhcp.c.obj
                0x1000f2d0                dhcp_set_struct
 .text.dhcp_start
                0x1000f30c       0xa4 CMakeFiles/Atividade.dir/C_/Users/V4I65WU/.pico-sdk/sdk/2.2.0/lib/lwip/src/core/ipv4/dhcp.c.obj
                0x1000f30c                dhcp_start
 .text.dhcp_network_changed_link_up
                0x1000f3b0       0x40 CMakeFiles/Atividade.dir/C_/Users/V4I65WU/.pico-sdk/sdk/2.2.0/lib/lwip/src/core/ipv4/dhcp.c.obj
                0x1000f3b0                dhcp_network_changed_link_up
 .text.dhcp_renew
                0x1000f3f0      0x154 CMakeFiles/Atividade.dir/C_/Users/V4I65WU/.pico-sdk/sdk/2.2.0/lib/lwip/src/core/ipv4/dhcp.c.obj
                0x1000f3f0                dhcp_renew
 .text.dhcp_release_and_stop
                0x1000f544      0x158 CMakeFiles/Atividade.dir/C_/Users/V4I65WU/.pico-sdk/sdk/2.2.0/lib/lwip/src/core/ipv4/dhcp.c.obj
                0x1000f544                dhcp_release_and_stop
 .text.dhcp_coarse_tmr
                0x1000f69c      0x1e4 CMakeFiles/Atividade.dir/C_/Users/V4I65WU/.pico-sdk/sdk/2.2.0/lib/lwip/src/core/ipv4/dhcp.c.obj
                0x1000f69c                dhcp_coarse_tmr
 .text.dhcp_fine_tmr
                0x1000f880       0xa0 CMakeFiles/Atividade.dir/C_/Users/V4I65WU/.pico-sdk/sdk/2.2.0/lib/lwip/src/core/ipv4/dhcp.c.obj
                0x1000f880                dhcp_fine_tmr
 .text.dhcp_stop
                0x1000f920      0x158 CMakeFiles/Atividade.dir/C_/Users/V4I65WU/.pico-sdk/sdk/2.2.0/lib/lwip/src/core/ipv4/dhcp.c.obj
                0x1000f920                dhcp_stop
 .text.etharp_find_entry
                0x1000fa78      0x3cc CMakeFiles/Atividade.dir/C_/Users/V4I65WU/.pico-sdk/sdk/2.2.0/lib/lwip/src/core/ipv4/etharp.c.obj
 .text.etharp_raw
                0x1000fe44       0xd4 CMakeFiles/Atividade.dir/C_/Users/V4I65WU/.pico-sdk/sdk/2.2.0/lib/lwip/src/core/ipv4/etharp.c.obj
 .text.etharp_output_to_arp_index
                0x1000ff18       0xb8 CMakeFiles/Atividade.dir/C_/Users/V4I65WU/.pico-sdk/sdk/2.2.0/lib/lwip/src/core/ipv4/etharp.c.obj
 .text.etharp_tmr
                0x1000ffd0       0x84 CMakeFiles/Atividade.dir/C_/Users/V4I65WU/.pico-sdk/sdk/2.2.0/lib/lwip/src/core/ipv4/etharp.c.obj
                0x1000ffd0                etharp_tmr
 .text.etharp_cleanup_netif
                0x10010054      0x164 CMakeFiles/Atividade.dir/C_/Users/V4I65WU/.pico-sdk/sdk/2.2.0/lib/lwip/src/core/ipv4/etharp.c.obj
                0x10010054                etharp_cleanup_netif
 .text.etharp_input
                0x100101b8      0x174 CMakeFiles/Atividade.dir/C_/Users/V4I65WU/.pico-sdk/sdk/2.2.0/lib/lwip/src/core/ipv4/etharp.c.obj
                0x100101b8                etharp_input
 .text.etharp_query
                0x1001032c      0x180 CMakeFiles/Atividade.dir/C_/Users/V4I65WU/.pico-sdk/sdk/2.2.0/lib/lwip/src/core/ipv4/etharp.c.obj
                0x1001032c                etharp_query
 .text.etharp_output
                0x100104ac      0x224 CMakeFiles/Atividade.dir/C_/Users/V4I65WU/.pico-sdk/sdk/2.2.0/lib/lwip/src/core/ipv4/etharp.c.obj
                0x100104ac                etharp_output
 .text.etharp_request
                0x100106d0       0xd0 CMakeFiles/Atividade.dir/C_/Users/V4I65WU/.pico-sdk/sdk/2.2.0/lib/lwip/src/core/ipv4/etharp.c.obj
                0x100106d0                etharp_request
 .text.icmp_input
                0x100107a0      0x1b8 CMakeFiles/Atividade.dir/C_/Users/V4I65WU/.pico-sdk/sdk/2.2.0/lib/lwip/src/core/ipv4/icmp.c.obj
                0x100107a0                icmp_input
 .text.icmp_dest_unreach
                0x10010958       0xac CMakeFiles/Atividade.dir/C_/Users/V4I65WU/.pico-sdk/sdk/2.2.0/lib/lwip/src/core/ipv4/icmp.c.obj
                0x10010958                icmp_dest_unreach
 .text.icmp_time_exceeded
                0x10010a04       0xac CMakeFiles/Atividade.dir/C_/Users/V4I65WU/.pico-sdk/sdk/2.2.0/lib/lwip/src/core/ipv4/icmp.c.obj
                0x10010a04                icmp_time_exceeded
 .text.ip_reass_free_complete_datagram
                0x10010ab0       0xe4 CMakeFiles/Atividade.dir/C_/Users/V4I65WU/.pico-sdk/sdk/2.2.0/lib/lwip/src/core/ipv4/ip4_frag.c.obj
 .text.ip_reass_remove_oldest_datagram
                0x10010b94       0xc0 CMakeFiles/Atividade.dir/C_/Users/V4I65WU/.pico-sdk/sdk/2.2.0/lib/lwip/src/core/ipv4/ip4_frag.c.obj
 .text.ip_reass_tmr
                0x10010c54       0x30 CMakeFiles/Atividade.dir/C_/Users/V4I65WU/.pico-sdk/sdk/2.2.0/lib/lwip/src/core/ipv4/ip4_frag.c.obj
                0x10010c54                ip_reass_tmr
 .text.ip4_reass
                0x10010c84      0x41c CMakeFiles/Atividade.dir/C_/Users/V4I65WU/.pico-sdk/sdk/2.2.0/lib/lwip/src/core/ipv4/ip4_frag.c.obj
                0x10010c84                ip4_reass
 .text.ip4_frag
                0x100110a0      0x22c CMakeFiles/Atividade.dir/C_/Users/V4I65WU/.pico-sdk/sdk/2.2.0/lib/lwip/src/core/ipv4/ip4_frag.c.obj
                0x100110a0                ip4_frag
 .text.ip4_route
                0x100112cc       0x6c CMakeFiles/Atividade.dir/C_/Users/V4I65WU/.pico-sdk/sdk/2.2.0/lib/lwip/src/core/ipv4/ip4.c.obj
                0x100112cc                ip4_route
 .text.ip4_input
                0x10011338      0x2b0 CMakeFiles/Atividade.dir/C_/Users/V4I65WU/.pico-sdk/sdk/2.2.0/lib/lwip/src/core/ipv4/ip4.c.obj
                0x10011338                ip4_input
 .text.ip4_output_if
                0x100115e8      0x138 CMakeFiles/Atividade.dir/C_/Users/V4I65WU/.pico-sdk/sdk/2.2.0/lib/lwip/src/core/ipv4/ip4.c.obj
                0x100115e8                ip4_output_if
 .text.ip4_output_if_src
                0x10011720      0x138 CMakeFiles/Atividade.dir/C_/Users/V4I65WU/.pico-sdk/sdk/2.2.0/lib/lwip/src/core/ipv4/ip4.c.obj
                0x10011720                ip4_output_if_src
 .text.ip4_addr_isbroadcast_u32
                0x10011858       0x38 CMakeFiles/Atividade.dir/C_/Users/V4I65WU/.pico-sdk/sdk/2.2.0/lib/lwip/src/core/ipv4/ip4_addr.c.obj
                0x10011858                ip4_addr_isbroadcast_u32
 .text.ip4addr_aton
                0x10011890      0x178 CMakeFiles/Atividade.dir/C_/Users/V4I65WU/.pico-sdk/sdk/2.2.0/lib/lwip/src/core/ipv4/ip4_addr.c.obj
                0x10011890                ip4addr_aton
 .text.ethernet_input
                0x10011a08       0xc4 CMakeFiles/Atividade.dir/C_/Users/V4I65WU/.pico-sdk/sdk/2.2.0/lib/lwip/src/netif/ethernet.c.obj